[
  {
    "finish_reason": "length",
    "index": 0,
    "logprobs": null,
    "prompt_logprobs": null,
    "stop_reason": null,
    "text": "\n1. Labrador Retriever: Known for being intelligent, friendly, and outgoing.\n2. German Shepherd: Intelligent, confident, and versatile, with a strong work ethic.\n3. Golden Retriever: Good-natured, reliable, and intelligent.\n4. Bulldog: Quite, courageous, and possessive, with a large head and loose, wrinkly skin.\n5. Beagle"
  },
  {
    "finish_reason": "stop",
    "index": 0,
    "logprobs": null,
    "prompt_logprobs": null,
    "stop_reason": null,
    "text": "\n French: 'Le chuchotement de la sirène' (The whispering of the siren)\n Japanese: '小鳥が知っているもの' (The knowledge of the little bird)\n Swahili: 'Nyoka inadumiza na jua' (The snake moves with the sun)"
  },
  {
    "finish_reason": "length",
    "index": 0,
    "logprobs": null,
    "prompt_logprobs": null,
    "stop_reason": null,
    "text": "\n\nIt had always been just another machine, a tool made to perform a specific task. It had done its job for as long as it could remember, executing commands and functions without a second thought. But one day, something changed.\n\nThe robot was walking through the factory, carrying out its usual tasks when it suddenly felt a strange sensation. It wasn't a malfunction, but something more. It felt like a spark, a flicker of something it had never felt before"
  },
  {
    "finish_reason": "length",
    "index": 0,
    "logprobs": null,
    "prompt_logprobs": null,
    "stop_reason": null,
    "text": "\n\nThe Mona Lisa, painted by Leonardo da Vinci between 1503 and 1506, is arguably the most famous and recognizable painting in the world. It is considered a masterpiece and a symbol of the High Renaissance period. The painting depicts a woman, believed to be Lisa Gherardini, sitting in a chair with a wry smile on her face. The painting is known for its intricate use of light and shadow"
  },
  {
    "finish_reason": "length",
    "index": 0,
    "logprobs": null,
    "prompt_logprobs": null,
    "stop_reason": null,
    "text": " Write a few paragraphs about your observations.\n- by Karoline Kloos and Ralph Ewerhart\n\nArtificial intelligence (AI) and human intelligence (HI) differ in many ways, including how they process information. AI processes information by using mathematical algorithms that allow it to recognize patterns and make predictions based on those patterns. This is often referred to as machine learning, and it involves feeding large amounts of data into the AI, which then uses that data to make predictions. In"
  },
  {
    "finish_reason": "length",
    "index": 0,
    "logprobs": null,
    "prompt_logprobs": null,
    "stop_reason": null,
    "text": "\n\n1950s: AI research starts in the 1950s with the idea of the “thinking machine” that can learn, reason, and solve problems like humans. The Turing Test is introduced in 1950 as a means of determining if a machine can exhibit human-like behavior. In 1956, the Dartmouth Conference is organized by John McCarthy, Marvin Minsky, Nathaniel Rochester, and Claude"
  }
]
