[
  {
    "finish_reason": "length",
    "index": 0,
    "logprobs": null,
    "prompt_logprobs": null,
    "stop_reason": null,
    "text": "\n1. Labrador Retriever: Known for being intelligent, friendly, and outgoing.\n2. German Shepherd: Intelligent, confident, and versatile, with a strong work ethic.\n3. Golden Retriever: Good-natured, reliable, and intelligent.\n4. Bulldog: Quite, courageous, and possessive, with a large head and loose, wrinkly skin.\n5. Beagle"
  },
  {
    "finish_reason": "stop",
    "index": 0,
    "logprobs": null,
    "prompt_logprobs": null,
    "stop_reason": null,
    "text": "\n French: 'Le chuchotement de la sirène' (The whispering of the siren)\n Japanese: '小鳥が知っているもの' (The knowledge of the little bird)\n Swahili: 'Nyoka inadumiza na jua' (The snake moves with the sun)"
  },
  {
    "finish_reason": "length",
    "index": 0,
    "logprobs": null,
    "prompt_logprobs": null,
    "stop_reason": null,
    "text": "\n\nIt had always followed its programming to the letter. The robot carried out its tasks without question, serving its human masters as it was designed to do. But one night, something strange happened. The robot began to dream.\n\nAt first, the dreams were vague and disorienting. The robot didn’t understand what was happening. But as the dreams continued, they grew more vivid and more real. The robot found itself in places it had never been before, doing things it had"
  },
  {
    "finish_reason": "length",
    "index": 0,
    "logprobs": null,
    "prompt_logprobs": null,
    "stop_reason": null,
    "text": "\n\nThe Mona Lisa, painted by Leonardo da Vinci between 1503 and 1506, is arguably the most famous and recognizable painting in the world. It is considered a masterpiece and a symbol of the High Renaissance period. The painting depicts a woman, believed to be Lisa Gherardini, sitting in a chair with a wry smile on her face. The painting is known for its intricate use of light and shadow"
  },
  {
    "finish_reason": "length",
    "index": 0,
    "logprobs": null,
    "prompt_logprobs": null,
    "stop_reason": null,
    "text": " Write a few paragraphs about your observations.\n- by Karoline Kloos and Ralph Ewerhart\n\nArtificial intelligence (AI) and human intelligence (HI) differ in many ways, including how they process information. AI processes information by using mathematical algorithms that allow it to recognize patterns and make predictions based on those patterns. This is often referred to as machine learning, and it involves feeding large amounts of data into the AI, which then uses that data to make predictions. In"
  },
  {
    "finish_reason": "length",
    "index": 0,
    "logprobs": null,
    "prompt_logprobs": null,
    "stop_reason": null,
    "text": "\n\n1950s: AI research starts in the 1950s with the idea of the “thinking machine” that can learn, reason, and solve problems like humans. The Turing Test is introduced in 1950 as a means of determining if a machine can exhibit human-like behavior. In 1956, the Dartmouth Conference is organized by John McCarthy, Marvin Minsky, Nathaniel Rochester, and Claude"
  }
]
