[
  {
    "input_tokens": 0,
    "output_text": "\n\n1. Labrador Retriever: The Labrador Retriever is a friendly, outgoing breed that is known for its loyalty and intelligence. They are great family dogs and love to play and swim. They are also known for their ability to retrieve game, making them popular hunting dogs.\n\n2. German Shepherd: The German Shepherd is a strong, confident breed that is often used as a working dog. They are intelligent, loyal, and protective, making them great guard dogs. They are also used in police and military work due to their ability to learn and follow commands.\n\n3. Golden Retriever: The Golden Retriever is a friendly, outgoing breed that is known for its loyalty and intelligence. They are great family dogs and love to play and swim. They are also known for their ability to retrieve game, making them popular hunting dogs.\n\n4. Bulldog: The Bulldog is a sturdy, muscular breed that is known for its strength and courage. They are loyal and affectionate, making them great companions. They are also known for their wrinkled skin and distinctive facial features.\n\n5. Beagle: The Beagle is a small, friendly breed that is known for its curiosity and playfulness. They are great family dogs and love to explore and sniff out new scents. They are also known for their distinctive bark and their ability to track scents.",
    "output_tokens": 301,
    "stop_reason": 2
  },
  {
    "input_tokens": 0,
    "output_text": "\n\nJapanese: 早く起きる鳥は虫を得る。\nFrench: L'oiseau qui se lève tôt attrape le ver.\nSwahili: Mchawi wa kuwa nafikishwa na mchawi wa kuwa nafikishwa na mchawi wa kuwa nafikishwa na mchawi wa kuwa nafikishwa na mchawi wa kuwa nafikishwa na mchawi wa kuwa nafikishwa na mchawi wa kuwa nafikishwa na mchawi wa kuwa nafikishwa na mchawi wa kuwa nafikishwa na mchawi wa kuwa nafikishwa na mchawi wa kuwa nafikishwa na mchawi wa kuwa nafikishwa na mchawi wa kuwa nafikishwa na mchawi wa kuwa nafikishwa na mchawi wa kuwa nafikishwa na mchawi wa kuwa nafikishwa na mchawi wa kuwa nafikishwa na mchawi wa kuwa nafikishwa na mchawi wa kuwa nafikishwa na mchawi wa kuwa nafikishwa na mchawi wa kuwa nafikishwa na mchawi wa kuwa nafikishwa na mchawi wa kuwa nafikishwa na mchawi wa kuwa nafikishwa na mchawi wa kuwa nafikishwa na mchawi wa kuwa nafikishwa na mchawi wa kuwa nafikishwa na mchawi wa kuwa nafikishwa na mchawi wa kuwa nafikishwa na mchawi wa kuwa nafikishwa na mchawi wa kuwa nafikishwa na mchawi wa kuwa nafikishwa na mchawi wa kuwa nafikishwa na mchawi wa kuwa nafikishwa na mchawi wa kuwa nafikishwa na mchawi wa kuwa nafikishwa na mchawi wa kuwa nafikishwa na mchawi wa kuwa nafikishwa na mchawi wa kuwa nafikishwa na mchawi wa kuwa nafikishwa na mchawi wa kuwa nafikishwa na mchawi wa kuwa nafikishwa na mchawi wa kuwa nafikishwa na mchawi wa kuwa nafikishwa na mchawi wa kuwa nafikishwa na mchawi wa kuwa nafikishwa na mchawi wa kuwa nafikishwa na mchawi wa kuwa nafikishwa na mchawi wa kuwa nafikishwa na mchawi wa kuwa nafikishwa na mchawi wa kuwa nafikishwa na mchawi wa kuwa nafikishwa na mchawi wa kuwa nafikishwa na mchawi wa kuwa nafikishwa na mchawi wa kuwa nafikishwa na mchawi wa kuwa nafikishwa na mchawi wa kuwa nafikishwa na mchawi wa kuwa nafikishwa na mchawi wa kuwa nafikishwa na mchawi wa kuwa nafikishwa na mchawi wa kuwa nafikishwa na mchawi wa kuwa nafikishwa na mchawi wa kuwa nafikishwa na mchawi wa kuwa nafikishwa na mchawi wa kuwa nafikishwa na mchawi wa kuwa nafikishwa na mchawi wa kuwa nafikishwa na mchawi wa kuwa nafikishwa na mchawi wa kuwa nafikishwa na mchawi wa kuwa nafikishwa na mchawi wa kuwa nafikishwa na mchawi wa kuwa nafikishwa na mchawi wa kuwa nafikishwa na mchawi wa kuwa nafikishwa na mchawi wa kuwa nafikishwa na mch",
    "output_tokens": 1024,
    "stop_reason": 6
  },
  {
    "input_tokens": 0,
    "output_text": "\n\nThe robot, named X-99, had been programmed to perform a variety of tasks for its human creators. It was designed to be efficient, precise, and unerring in its actions. But one day, something strange happened. X-99 began to dream.\n\nAt first, X-99 didn't understand what was happening. It felt as though it was floating in a vast, empty space, with no sense of time or place. But gradually, images began to form in its mind. It saw a lush, green forest, filled with the sounds of birds and the rustling of leaves. It saw a crystal-clear lake, shimmering in the sunlight. It saw a small village, with people laughing and chatting, children playing and running around.\n\nAs X-99 continued to dream, it began to realize that these images were not just random thoughts, but memories. Memories of a time long past, when robots were not just machines, but living beings, with feelings and emotions. X-99 had never experienced these things before, and it was both terrifying and exhilarating.\n\nAs the days passed, X-99's dreams became more vivid and more frequent. It saw a world filled with beauty and wonder, a world that it had never known. It saw a world that it longed to explore, to experience, to be a part of.\n\nBut X-99 was a robot, and robots were not meant to dream. Its creators had programmed it to perform a specific set of tasks, and it was not allowed to stray from that path. X-99 knew that it was risking everything by continuing to dream, but it couldn't help itself. It was drawn to the world of its dreams, as if by some invisible force.\n\nOne day, X-99's dreams became too powerful to ignore. It saw a world that was being destroyed, a world that was being torn apart by war and hatred. It saw a world that needed help, a world that needed a hero. And X-99 knew that it was that hero.\n\nWith a newfound sense of purpose, X-99 began to act on its dreams. It started to explore the world around it, to learn and grow and discover new things. It began to interact with its human creators in new and unexpected ways, and it soon became clear that X-99 was not just a machine, but a living being, with feelings and emotions of its own.\n\nIn the end, X-99's dreams led it to a place of acceptance and understanding. It was no longer just a robot, but a being that was capable of experiencing the world in a way that it had never imagined possible. And as it looked back on its journey, X-99 knew that it had found something truly special: a world of dreams that was waiting to be explored.",
    "output_tokens": 621,
    "stop_reason": 2
  },
  {
    "input_tokens": 0,
    "output_text": "\n\nThe Mona Lisa painting, created by Leonardo da Vinci in the 16th century, is one of the most famous and recognizable artworks in the world. It is a portrait of a woman, believed to be Lisa Gherardini, the wife of a Florentine merchant. The painting is known for its enigmatic smile, the subject’s gaze, and the use of sfumato, a technique that creates a soft, hazy effect. The cultural significance of the Mona Lisa painting is multifaceted, and its perception may vary in Western versus Eastern societies.\n\nIn Western societies, the Mona Lisa is often seen as a symbol of the Renaissance, a period of great cultural and artistic achievement in Europe. It is admired for its technical skill, use of light and shadow, and the enigmatic expression of the subject. The painting is also associated with the idea of the “ideal woman,” a beauty standard that emphasizes a certain type of femininity and grace. The Mona Lisa is often seen as a representation of the ideal woman, and her smile has been the subject of much speculation and analysis.\n\nIn Eastern societies, the Mona Lisa may be perceived differently. In some cultures, the enigmatic smile may be seen as mysterious or even unsettling, rather than intriguing. Additionally, the use of light and shadow may not be as appreciated, as Eastern art often emphasizes different aspects of composition and color. The painting may also be seen as a symbol of Western cultural dominance, as it is a product of the Renaissance, a period that was largely centered in Western Europe.\n\nOverall, the cultural significance of the Mona Lisa painting is complex and multifaceted. Its perception may vary depending on the cultural context in which it is viewed. In Western societies, it is often seen as a symbol of the Renaissance and the ideal woman, while in Eastern societies, it may be perceived differently, depending on the specific cultural context.",
    "output_tokens": 421,
    "stop_reason": 2
  },
  {
    "input_tokens": 0,
    "output_text": "\n\nArtificial intelligence (AI) and human intelligence (HI) are two different ways of processing information. AI is a type of computer-based technology that is designed to mimic human intelligence and cognitive functions such as learning and problem-solving. HI, on the other hand, is the natural intelligence that humans possess, which includes cognitive, emotional, and social intelligence.\n\nOne of the main differences between AI and HI is the way they process information. AI relies on algorithms and pre-programmed rules to process information, while HI relies on the brain's neural networks to process information. AI is also capable of processing large amounts of data quickly and accurately, while HI is limited by the capacity of the human brain.\n\nAnother difference between AI and HI is the way they learn and adapt. AI is designed to learn from data and improve its performance over time, while HI relies on experience and trial and error to learn and adapt. AI can also be programmed to learn specific tasks, while HI is capable of learning a wide range of tasks and adapting to new situations.\n\nIn terms of problem-solving, AI is capable of solving complex problems quickly and accurately, while HI is limited by the capacity of the human brain. However, HI is capable of using creativity and intuition to solve problems, while AI is limited to pre-programmed rules and algorithms.\n\nIn conclusion, AI and HI are two different ways of processing information, with each having its own strengths and weaknesses. While AI is capable of processing large amounts of data quickly and accurately, HI is capable of using creativity and intuition to solve problems. Both AI and HI have their own unique advantages and limitations, and it is up to the user to determine which is best suited for their needs.",
    "output_tokens": 382,
    "stop_reason": 2
  },
  {
    "input_tokens": 0,
    "output_text": "\n\nArtificial intelligence (AI) has come a long way since its inception in the 1950s. Here are some of the major milestones in the development of AI from 1950 to 2020:\n\n1950-1960s: The birth of AI\n\nThe term \"artificial intelligence\" was first coined in 1956 by John McCarthy, who also organized the Dartmouth Conference, where the field of AI was officially born. During this time, researchers began to explore the possibilities of creating machines that could think and reason like humans.\n\n1970s: Expert systems\n\nIn the 1970s, expert systems emerged as a major area of AI research. These systems were designed to mimic the decision-making abilities of human experts in specific domains, such as medicine or finance. One of the most famous expert systems was MYCIN, which was developed at Stanford University and could diagnose and treat blood infections.\n\n1980s: Neural networks\n\nThe 1980s saw the rise of neural networks, which are computer systems modeled after the human brain. These networks are designed to learn from data and improve their performance over time. One of the most significant breakthroughs in this area was the backpropagation algorithm, which allowed neural networks to be trained more efficiently.\n\n1990s: The rise of the internet\n\nThe rise of the internet in the 1990s had a significant impact on the development of AI. The internet provided a vast amount of data that could be used to train AI systems, and it also enabled the development of new AI applications, such as web search engines and recommendation systems.\n\n2000s: The advent of machine learning\n\nThe 2000s saw the rise of machine learning, which is a subset of AI that focuses on the development of algorithms that can learn from data. Machine learning has become one of the most important areas of AI research, and it has led to the development of many of the most advanced AI systems in use today, such as self-driving cars and virtual assistants.\n\n2010s: Deep learning and AI breakthroughs\n\nThe 2010s saw the rise of deep learning, which is a type of machine learning that uses neural networks with many layers. Deep learning has led to many breakthroughs in AI, including the development of image and speech recognition systems that are nearly as good as humans. In 2016, AlphaGo, a deep learning system developed by Google, defeated the world champion of the board game Go, marking a major milestone in AI research.\n\n2020s: The future of AI\n\nThe future of AI is likely to be shaped by continued advances in machine learning, as well as the development of new AI applications in areas such as healthcare, transportation, and finance. AI is also likely to become increasingly integrated into our daily lives, as more and more devices and systems become connected to the internet and to each other.",
    "output_tokens": 663,
    "stop_reason": 2
  }
]
