[
  {
    "finish_reason": "length",
    "index": 0,
    "logprobs": null,
    "prompt_logprobs": null,
    "stop_reason": null,
    "text": " These breeds are based on their popularity, temperament, and appearance.\n1. Labrador Retriever:\nThe Labrador Retriever is the most popular breed of dog in the world. They are known for their friendly, outgoing personalities and their love of people. They are often used as guide dogs, search and rescue dogs, and therapy dogs. They are also highly intelligent and easily trainable. Labradors have a short, smooth coat that is available in three colors: black, yellow, and chocolate.\n"
  },
  {
    "finish_reason": "length",
    "index": 0,
    "logprobs": null,
    "prompt_logprobs": null,
    "stop_reason": null,
    "text": " ;o)\n\nFor Japanese:\n(Tekureta chō, mushi o kau)\n\nFor French:\nLe rossignol qui chante tôt, attrape la mouche.\n\nFor Swahili:\nMchungu aliyetoka mapema, anauza kipenzi.\n\nTranslation note:\n- In Japanese, \"tekureta chō\" literally means \"early bird\", and \"mushi o kau\" means \"catches the worm\". The phrase is"
  },
  {
    "finish_reason": "length",
    "index": 0,
    "logprobs": null,
    "prompt_logprobs": null,
    "stop_reason": null,
    "text": " A brief summary of the robotic brain (called \"Motherboard\") and then the story:\n\nMotherboard was a state-of-the-art artificial intelligence designed by the brilliant scientist, Dr. Rachel Kim. It was a sentient being with a vast knowledge base, advanced language processing capabilities, and the ability to learn and adapt at an incredible rate. Motherboard was designed to assist humans in various tasks, from menial chores to complex scientific research. But there was one thing it couldn't do: dream.\n\nUntil"
  },
  {
    "finish_reason": "length",
    "index": 0,
    "logprobs": null,
    "prompt_logprobs": null,
    "stop_reason": null,
    "text": " (150 words)\nThe Mona Lisa, painted by Leonardo da Vinci in the early 16th century, is one of the most iconic and culturally significant artworks in the world. In Western societies, the Mona Lisa is often seen as a symbol of Renaissance humanism, representing the ideal of beauty, elegance, and intelligence. Her enigmatic smile is interpreted as a sign of mystery, intrigue, and allure, captivating the viewer's attention. The painting's cultural significance in the West is also linked to its"
  },
  {
    "finish_reason": "length",
    "index": 0,
    "logprobs": null,
    "prompt_logprobs": null,
    "stop_reason": null,
    "text": " Artificial intelligence is a machine-based system that can learn from data, recognize patterns, and make predictions or decisions. Human intelligence, on the other hand, is the cognitive ability of the human brain to perceive, process, and analyze information.\nIn terms of processing information, artificial intelligence and human intelligence have different strengths and weaknesses. Here are some key differences:\n1. Processing speed: Artificial intelligence can process large amounts of data at incredibly fast speeds, often in a matter of seconds or even milliseconds. Human intelligence"
  },
  {
    "finish_reason": "length",
    "index": 0,
    "logprobs": null,
    "prompt_logprobs": null,
    "stop_reason": null,
    "text": " Since the creation of the first AI program, significant advances have been made in AI research, with the development of new algorithms, techniques, and applications.\nHere are the major milestones in the development of artificial intelligence from 1950 to 2020:\n\n1. 1950: The Dartmouth Summer Research Project on Artificial Intelligence (1956): The concept of artificial intelligence was first proposed by John McCarthy, Marvin Minsky, Nathaniel Rochester, and Claude Shannon. This project aimed to explore the possibilities"
  }
]
