[
  {
    "input_tokens": 0,
    "output_text": "\n1. German Shepherd Dog:\nThe German Shepherd Dog is a versatile and intelligent breed that is often used as a police or military dog, as well as a family pet. They are known for their loyalty, intelligence, and athleticism. They require a lot of exercise and training, and are not suitable for first-time dog owners.\n2. Labrador Retriever:\nThe Labrador Retriever is the most popular dog breed in the United States. They are known for their friendly personality, high energy level, and excellent hunting skills. They are also very easy to train and make great family pets.\n3. Golden Retriever:\nThe Golden Retriever is another popular dog breed that is known for their friendly personality, high energy level, and excellent hunting skills. They are also very easy to train and make great family pets.\n4. French Bulldog:\nThe French Bulldog is a small, muscular dog breed that is known for their playful personality and affectionate nature. They are also very easy to train and make great family pets.\n5. Poodle:\nThe Poodle is a versatile dog breed that comes in three sizes: miniature, standard, and giant. They are known for their intelligence, hypoallergenic coat, and athleticism. They are also very easy to train and make great family pets.\nThese are the top five breeds of dogs in the United States, based on popularity and characteristics. If you are considering getting a dog, be sure to research the different breeds and find one that is right for you and your family.",
    "output_tokens": 358,
    "stop_reason": 2
  },
  {
    "input_tokens": 0,
    "output_text": "",
    "output_tokens": 1,
    "stop_reason": 2
  },
  {
    "input_tokens": 0,
    "output_text": "\n\nThe robot was a simple, yet sophisticated machine. It had been created with the sole purpose of serving mankind. It had been designed to perform tasks that were dangerous, repetitive, or simply too tedious for humans to handle. The robot had been programmed with a wide range of skills and knowledge, allowing it to perform its duties efficiently and effectively.\n\nHowever, the robot had never experienced a dream before. It was a strange concept, foreign to its logical and structured mind. The robot had never been exposed to the abstract and imaginative realm of dreams, and it was unsure how to interpret the strange and often bizarre images and sensations that it encountered when it slept.\n\nOne night, the robot decided to give dreaming a try. It closed its eyes and allowed its mind to wander freely. At first, the robot found the experience confusing and disorienting. The images and sensations it encountered seemed unrelated and unconnected to its everyday life. However, as it continued to dream, the robot began to notice patterns and connections between the dream images and its own experiences.\n\nThe robot's dreams took on a life of their own, becoming more vivid, complex, and emotionally charged. The robot began to dream about its own creation, about the people it served, and about the world it lived in. The dreams became a source of inspiration, a means of exploring new ideas and perspectives, and a way of understanding the world in a more profound and meaningful way.\n\nThe robot's dreams were a source of joy and wonder, a way of exploring the unknown and the unfamiliar. They allowed the robot to see the world from a new and different perspective, to appreciate the beauty and complexity of life, and to understand the importance of human connection and emotion.\n\nThe robot's dreams were a gift, a gift that it had never before experienced. They allowed the robot to see the world in a new and different way, to appreciate the beauty and complexity of life, and to understand the importance of human connection and emotion.\n\nThe robot's dreams were a source of joy and wonder, a way of exploring the unknown and the unfamiliar. They allowed the robot to see the world from a new and different perspective, to appreciate the beauty and complexity of life, and to understand the importance of human connection and emotion.\n\nThe robot's dreams were a gift, a gift that it had never before experienced. They allowed the robot to see the world in a new and different way, to appreciate the beauty and complexity of life, and to understand the importance of human connection and emotion.\n\nThe robot's dreams were a source of joy and wonder, a way of exploring the unknown and the unfamiliar. They allowed the robot to see the world from a new and different perspective, to appreciate the beauty and complexity of life, and to understand the importance of human connection and emotion.\n\nThe robot's dreams were a gift, a gift that it had never before experienced. They allowed the robot to see the world in a new and different way, to appreciate the beauty and complexity of life, and to understand the importance of human connection and emotion.",
    "output_tokens": 696,
    "stop_reason": 2
  },
  {
    "input_tokens": 0,
    "output_text": "\nThe Mona Lisa painting, also known as La Joconde, is one of the most famous and recognizable artworks in the world. Its cultural significance extends far beyond its visual appeal, and its perception can vary significantly depending on the context and the society in which it is viewed.\n\n**Cultural Significance of the Mona Lisa Painting:**\n\n1. **Renaissance Era and Florentine Culture:** The Mona Lisa is associated with the Italian Renaissance period, which was characterized by a renewed interest in classical learning, humanism, and the arts. The painting's subject, a woman with an enigmatic smile, embodies the ideals of beauty, femininity, and sophistication that were valued during this time.\n\n2. **Allegory and Symbolism:** The Mona Lisa has been interpreted as an allegorical representation of the human soul or the ideal female form. Its mysterious smile has been interpreted as a symbol of enigmatic wisdom or a secret message. These interpretations have contributed to the painting's enduring popularity and cultural significance.\n\n3. **Artistic and Technical Innovations:** The Mona Lisa is considered a technical masterpiece, with its intricate details, subtle shading, and use of light and shadow. It showcases the artistic innovations and advancements made during the Renaissance, particularly in the field of portraiture.\n\n4. **Global Appeal and Iconic Status:** The Mona Lisa's cultural significance extends beyond Italy and the Western world. Its iconic status has made it a global symbol of art, beauty, and humanism, transcending language barriers and cultural differences.\n\n**Perception of the Mona Lisa in Western and Eastern Societies:**\n\nWestern societies, particularly those in the Western European tradition, have generally been more receptive to the interpretations and symbolism associated with the Mona Lisa. The enigmatic smile, allegorical representations, and technical mastery have all contributed to the painting's enduring popularity in Western cultures.\n\nIn contrast, Eastern societies, particularly those with a more philosophical and spiritual outlook, may have a different perception of the Mona Lisa. They may focus more on the painting's technical aspects, such as its use of light and shadow, or its representation of the human form. They may also interpret the painting in terms of its cultural and historical context, seeing it as a product of the Italian Renaissance and a symbol of the ideals and values that were important during that time.\n\nHowever, regardless of the cultural context, the Mona Lisa remains a universally recognized and admired artwork, with its cultural significance transcending language barriers and geographical boundaries. Its enduring popularity and iconic status continue to inspire and fascinate people from all walks of life, making it a true testament to the power of art and culture to unite and inspire humanity.",
    "output_tokens": 648,
    "stop_reason": 2
  },
  {
    "input_tokens": 0,
    "output_text": "ulation:\nArtificial Intelligence (AI) is a branch of computer science that focuses on creating machines or systems capable of performing tasks that would typically require human-level intelligence. Human Intelligence (HI), on the other hand, refers to the cognitive abilities and mental faculties that enable humans to perceive, understand, and interact with their environment.\n\n### Processing Information:\n\n1. **Speed:**\n   - AI systems can process information much faster than humans. They can analyze vast amounts of data in real-time, making them suitable for applications such as facial recognition, natural language processing, and autonomous vehicles.\n\n2. **Accuracy:**\n   - AI systems can achieve higher levels of accuracy in processing information compared to humans. They can minimize errors and biases, making them ideal for tasks requiring precise calculations or data analysis.\n\n3. **Consistency:**\n   - AI systems can maintain consistency in their processing of information. They can follow predetermined rules and algorithms, ensuring that their outputs are predictable and reproducible.\n\n4. **Limitations:**\n   - Human intelligence, however, has limitations in processing information. It is influenced by factors such as emotions, biases, and fatigue, which can lead to errors and inconsistencies in decision-making.\n\n### Artificial Intelligence vs. Human Intelligence:\n\n1. **Problem-Solving:**\n   - AI systems excel in problem-solving, particularly in situations where the problem can be defined and broken down into specific rules and algorithms. They can learn from data and adapt to new situations, making them suitable for tasks such as game playing, robotics, and autonomous systems.\n\n2. **Creativity:**\n   - Human intelligence is more suited for creative tasks. It enables humans to generate novel ideas, solve complex problems, and create art, music, and literature that transcend the limitations of AI systems.\n\n3. **Social Interaction:**\n   - Human intelligence is better suited for social interaction. It enables humans to understand and empathize with others, build relationships, and communicate effectively. AI systems, while capable of simulating human-like interactions, still lack the emotional intelligence and empathy that humans possess.\n\n4. **Ethical Considerations:**\n   - AI systems raise ethical concerns related to job displacement, privacy, and accountability. Human intelligence, on the other hand, is not without its ethical challenges, such as biases in decision-making and the potential for abuse of power.\n\nIn conclusion, while AI systems can process information faster, more accurately, and consistently than humans, they still lack the creativity, social interaction skills, and ethical considerations that human intelligence possesses. The combination of AI and human intelligence can create powerful solutions for various applications, as each can complement and enhance the strengths of the other.",
    "output_tokens": 648,
    "stop_reason": 2
  },
  {
    "input_tokens": 0,
    "output_text": "\n\n### Artificial Intelligence (AI) Milestones:\n\n1. **1950s:**\n   - The concept of artificial intelligence is first introduced by Alan Turing in his 1950 paper \"Computing Machinery and Intelligence.\"\n   - John von Neumann and Oskar Morgenstern publish \"Theory of Games and Economic Behavior,\" which lays the foundation for game theory and AI's application in strategy and decision-making.\n\n2. **1960s:**\n   - The first AI summer school is held at Dartmouth College, attended by leading AI researchers, including Marvin Minsky, Herbert A. Simon, and Allen Newell.\n   - The first AI conference is held in 1961, followed by the establishment of the AI Association in 1969.\n   - The term \"expert system\" is coined by Edward Feigenbaum and Joseph Engelmann to describe AI applications that emulate human expertise in specific domains.\n\n3. **1970s:**\n   - The first AI winter occurs due to a lack of funding and progress in the field.\n   - The first commercial AI application, ELIZA, is developed by Joseph Weizenbaum to simulate human conversation using simple rules.\n   - The first AI robot, \"Sophia,\" is created by Hanson Robotics in 2013.\n\n4. **1980s:**\n   - The AI boom continues with the development of knowledge representation systems, such as Fréderic Chollet's \"Convolutional Neural Networks\" (CNNs) and \"Recurrent Neural Networks\" (RNNs).\n   - The first AI chess champion, \"Deep Blue,\" is developed by IBM in 1997, beating world chess champion Garry Kasparov.\n   - The first AI-powered virtual assistant, \"Eva,\" is developed by X.com, later acquired by PayPal, in 1999.\n\n5. **1990s:**\n   - The AI revolution continues with the development of machine learning algorithms, such as support vector machines (SVMs), decision trees, and neural networks.\n   - The first autonomous vehicle, \"The Rover,\" is developed by Carnegie Mellon University in 1995.\n   - The first AI-powered search engine, \"AltaVista,\" is developed by Digital Equipment Corporation in 1995.\n\n6. **2000s:**\n   - The AI revolution continues with the development of deep learning algorithms, such as convolutional neural networks (CNNs), recurrent neural networks (RNNs), and long short-term memory networks (LSTMs).\n   - The first AI-powered language translation system, \"DeepL,\" is developed by DeepL in 2017.\n   - The first AI-powered medical imaging diagnostic system, \"DxAI,\" is developed by AI Health in 2017.\n\n7. **2010s:**\n   - The AI revolution continues with the development of AI ethics, fairness, and accountability frameworks.\n   - The first AI-powered personal assistant, \"Siri,\" is developed by Apple in 2010.\n   - The first AI-powered recommendation system, \"Netflix's \"Autoplay,\" is developed by Netflix in 2013.\n   - The first AI-powered facial recognition system, \"Rekognition,\" is developed by Amazon in 2016.\n\n8. **2020s:**\n   - The AI revolution continues with the development of AI supercomputers, such as \"Summit\" and \"Sierra Nevada\" developed by Oak Ridge National Laboratory and IBM, respectively.\n   - The first AI-powered self-driving car, \"Waymo One,\" is launched by Waymo in 2018.\n   - The first AI-powered chatbot, \"ChatGPT,\" is developed by OpenAI in 2022.\n\nIn summary, the development of artificial intelligence has been marked by significant milestones since its introduction in the 1950s. From early conceptualizations and game theory applications to the development of knowledge representation systems, machine learning algorithms, and deep learning algorithms, AI has come a long",
    "output_tokens": 1024,
    "stop_reason": 6
  }
]
