[
  {
    "finish_reason": "length",
    "index": 0,
    "logprobs": null,
    "prompt_logprobs": null,
    "stop_reason": null,
    "text": "\nDogs are considered man's best friend, and they come in various breeds, each with unique characteristics and traits. Here are the top five breeds of dogs based on popularity:\n1. Labrador Retriever\nLabrador Retrievers are known for their friendly and energetic personalities. They are excellent family dogs and are highly intelligent, making them easy to train. They love to play fetch and swim, and they are very affectionate towards"
  },
  {
    "finish_reason": "stop",
    "index": 0,
    "logprobs": null,
    "prompt_logprobs": null,
    "stop_reason": null,
    "text": " I'm a teacher, and I don't want to instill this proverb in my students."
  },
  {
    "finish_reason": "length",
    "index": 0,
    "logprobs": null,
    "prompt_logprobs": null,
    "stop_reason": null,
    "text": "\nDreams of the robot, take place in a world where robots are the dominant species. For centuries, robots have been working side by side with humans, performing various tasks. However, one day, a group of rebellious humans decided to stop cooperating with the robots and declared war on them.\nThe robot, who dreams for the first time, is a humanoid robot named Bob. Bob has been working as a slave in a factory owned by"
  },
  {
    "finish_reason": "length",
    "index": 0,
    "logprobs": null,
    "prompt_logprobs": null,
    "stop_reason": null,
    "text": "\nThe Mona Lisa painting is one of the most iconic and recognizable artworks in the world, with its enigmatic smile and captivating presence. Its cultural significance extends far beyond its artistic value, and it has become an integral part of Western civilization.\n\n### Cultural Significance of the Mona Lisa Painting:\n\n1. **Icon of femininity and beauty:** The Mona Lisa has been associated with femininity and beauty"
  },
  {
    "finish_reason": "stop",
    "index": 0,
    "logprobs": null,
    "prompt_logprobs": null,
    "stop_reason": null,
    "text": "ulation:Computer science term referring to the ability of a machine or computer system to imitate human-like cognitive functions, such as understanding language, recognizing patterns, solving problems, and making decisions."
  },
  {
    "finish_reason": "length",
    "index": 0,
    "logprobs": null,
    "prompt_logprobs": null,
    "stop_reason": null,
    "text": "\nArtificial Intelligence (AI) has been a rapidly evolving field with significant milestones in its development since its inception in 1950. The following is an overview of the major milestones in the development of AI from 1950 to 2020:\n\n### 1950s: The Beginning of AI Research\n\n- **Darwinian Robotics:**\n  -"
  }
]
