[
  {
    "finish_reason": "length",
    "index": 0,
    "logprobs": null,
    "prompt_logprobs": null,
    "stop_reason": null,
    "text": "\n\nThe most popular breeds of dogs in the United States, according to the American Kennel Club (AKC), are:\n\n1. Labrador Retriever: Friendly, intelligent, and energetic, Labradors are popular for their excellent family and working dog qualities. They are known for their love of water and are excellent swimmers.\n\n2. Golden Retriever: Similar to Labradors, Golden Retrievers are friendly, intelligent"
  },
  {
    "finish_reason": "stop",
    "index": 0,
    "logprobs": null,
    "prompt_logprobs": null,
    "stop_reason": null,
    "text": " I would like to have the sentence translated in a way that captures the essence of the original English sentence, which is about being proactive and taking advantage of opportunities early on."
  },
  {
    "finish_reason": "length",
    "index": 0,
    "logprobs": null,
    "prompt_logprobs": null,
    "stop_reason": null,
    "text": "\n\nIn the not-so-distant future, a humble inventor named Dr. Ada built an extraordinary creation: the dream-robot, named Luna. Luna was designed to replicate the human experience of dreaming, but she had yet to embark on her first nocturnal journey.\n\nAs the sun dipped below the horizon, Luna's circuits hummed to life, her delicate robotic limbs bobbing gently"
  },
  {
    "finish_reason": "length",
    "index": 0,
    "logprobs": null,
    "prompt_logprobs": null,
    "stop_reason": null,
    "text": "\nThe Mona Lisa painting is considered one of the most famous and iconic artworks in the world. It was painted by the Italian Renaissance artist Leonardo da Vinci between 1503 and 1506 as a portrait of Lisa Gherardini, the wife of Florentine merchant Francesco del Giocondo.\n\nCulturally, the Mona Lisa has had a significant impact on Western society, particularly in the realms of art, feminism"
  },
  {
    "finish_reason": "length",
    "index": 0,
    "logprobs": null,
    "prompt_logprobs": null,
    "stop_reason": null,
    "text": " bis402. For the\nQuestion 383\nWhat are the strengths and weaknesses of using a rule-based expert system as an alternative to a neural network for processing information? bis402.\n\nAnswer 383\n\nA rule-based expert system and a neural network are two different artificial intelligence (AI) approaches for processing information. Each has its unique strengths and weaknesses.\n\nStrengths of a Rule-B"
  },
  {
    "finish_reason": "length",
    "index": 0,
    "logprobs": null,
    "prompt_logprobs": null,
    "stop_reason": null,
    "text": "\nI'm looking for a captivating and informative article about the evolution of artificial intelligence (AI) from 1950 to 2020. Here's an outline that highlights the key milestones in AI development:\n\n1. **1950: The Birth of AI**\n   - Dartmouth Conference: A gathering of pioneers in AI, including John McCarthy, who coins the term"
  }
]
