[
  {
    "finish_reason": "stop",
    "index": 0,
    "logprobs": null,
    "message": {
      "content": "\neven_number = [i for i in range(100, 0, -1)]\nprint(even_number)",
      "reasoning_content": null,
      "role": "assistant",
      "tool_calls": []
    },
    "stop_reason": null
  },
  {
    "finish_reason": "stop",
    "index": 0,
    "logprobs": null,
    "message": {
      "content": "\nThe input sentence contains several clauses, and each clause can be represented as a separate function. Here's the decomposition of the input sentence:\n\n```python\ndef spellforce_3_is_bad(score):\n    return score == \"pretty bad\"\n\ndef grimlore_games_is_no_talent_hacks(score):\n    return score == \"a bunch of no-talent hacks\"\n\ndef 2017_was_terrible_for_games(score):\n    return score == \"terrible year for games\"\n```\n\nEach function takes a `score` attribute as input and returns a boolean value indicating whether the input sentence expresses the given clause. The `score` attribute is a placeholder for the attribute values of the underlying meaning representation.\n\nThe input sentence can be represented as a single function with attributes and attribute values:\n\n```python\ndef input_sentence(score):\n    return spellforce_3_is_bad(score) & grimlore_games_is_no_talent_hacks(score) & 2017_was_terrible_for_games(score)\n```\n\nThe `input_sentence` function takes a `score` attribute as input and returns a boolean value indicating whether the input sentence expresses the given clause. The `&` operator is used to combine the boolean values of the individual functions.\n\nIn summary, the input sentence can be represented as a single function with attributes and attribute values, which can be used to determine whether the input sentence expresses the given clause. The decomposition of the input sentence into individual functions allows for a more straightforward analysis of the input sentence.",
      "reasoning_content": null,
      "role": "assistant",
      "tool_calls": []
    },
    "stop_reason": null
  }
]
