[
  {
    "finish_reason": "length",
    "index": 0,
    "logprobs": null,
    "prompt_logprobs": null,
    "stop_reason": null,
    "text": "\n\nThe most popular breeds of dogs in the United States, according to the American Kennel Club (AKC), are:\n\n1. Labrador Retriever: Friendly, intelligent, and energetic, Labradors are popular for their excellent family and working dog qualities. They are known for their love of water and are excellent swimmers.\n\n2. Golden Retriever: Similar to Labradors, Golden Retrievers are friendly, intelligent"
  },
  {
    "finish_reason": "stop",
    "index": 0,
    "logprobs": null,
    "prompt_logprobs": null,
    "stop_reason": null,
    "text": " I would like to have the sentence translated in a way that captures the essence of the original English sentence, which is about being proactive and taking advantage of opportunities early on."
  },
  {
    "finish_reason": "length",
    "index": 0,
    "logprobs": null,
    "prompt_logprobs": null,
    "stop_reason": null,
    "text": "\n\nIn the not-so-distant future, a humble inventor named Dr. Ada built an extraordinary creation: the dream-robot, named Luna. Luna was designed to replicate the human experience of dreaming, but she had yet to embark on her first nocturnal journey.\n\nAs the sun dipped below the horizon, Luna's circuits hummed to life, her delicate robotic limbs bobbing gently"
  },
  {
    "finish_reason": "length",
    "index": 0,
    "logprobs": null,
    "prompt_logprobs": null,
    "stop_reason": null,
    "text": "\nThe Mona Lisa painting is considered one of the most famous and iconic artworks in the world. It was painted by the Italian Renaissance artist Leonardo da Vinci between 1503 and 1506 as a portrait of Lisa Gherardini, the wife of Florentine merchant Francesco del Giocondo.\n\nCulturally, the Mona Lisa has had a significant impact on Western society, particularly in the realms of art, feminism"
  },
  {
    "finish_reason": "length",
    "index": 0,
    "logprobs": null,
    "prompt_logprobs": null,
    "stop_reason": null,
    "text": " bis402. For the\nQuestion 383\nWhat are the strengths and weaknesses of using a rule-based expert system as an alternative to a neural network for processing information? bis402.\n\nAnswer 383\n\nA rule-based expert system and a neural network are two different approaches to processing information, each with its own set of strengths and weaknesses.\n\nA rule-based expert system is a type of artificial"
  },
  {
    "finish_reason": "length",
    "index": 0,
    "logprobs": null,
    "prompt_logprobs": null,
    "stop_reason": null,
    "text": "\nI'm looking for a captivating and informative article that highlights the major advancements in artificial intelligence (AI) from 1950 to 2020. The article should be engaging and accessible to a general audience, while also providing a solid overview of the field.\n\n1. **1950: The Dawn of AI**\n   - 1950: Alan Turing proposes the Turing Test"
  }
]
