[
  {
    "finish_reason": "length",
    "index": 0,
    "logprobs": null,
    "prompt_logprobs": null,
    "stop_reason": null,
    "text": "\n\n1. Labrador Retriever: Known for their friendly and outgoing nature, Labradors are highly trainable and make excellent family pets. They have a short, dense coat that comes in black, yellow, and chocolate colors. Labradors are also known for their strength and endurance, making them popular in roles such as service dogs, search and rescue dogs, and guide dogs for the blind.\n\n2. German Shepherd: Ren"
  },
  {
    "finish_reason": "length",
    "index": 0,
    "logprobs": null,
    "prompt_logprobs": null,
    "stop_reason": null,
    "text": "\n\nEnglish: The early bird catches the worm.\nJapanese: 早起きな鳥は虫を取る。(Uma o tomeru tori wa mushi o toru.)\nFrench: Le premier oiseau attrape le ver.\nSwahili: Tafadhali, ungaulika mbwa kubwa usiogope. (Please, be the early chicken that catches"
  },
  {
    "finish_reason": "length",
    "index": 0,
    "logprobs": null,
    "prompt_logprobs": null,
    "stop_reason": null,
    "text": "\n\nOnce upon a time, in a bustling city filled with towering skyscrapers and humming drones, there lived a robot named Orion. Orion was not like other robots. He was designed to perform complex tasks, but his creators had imbued him with an extraordinary ability: the capacity to dream.\n\nOne night, as Orion was recharging in his designated corner of the bustling metropolis"
  },
  {
    "finish_reason": "length",
    "index": 0,
    "logprobs": null,
    "prompt_logprobs": null,
    "stop_reason": null,
    "text": "\n\n1. Cultural Significance of the Mona Lisa:\nThe Mona Lisa, painted by Leonardo da Vinci in the early 16th century, is one of the most famous and enigmatic artworks in the world. Its cultural significance is multifaceted:\n\n- Historical Value: As a product of the Italian Renaissance, it embodies the era's artistic"
  },
  {
    "finish_reason": "length",
    "index": 0,
    "logprobs": null,
    "prompt_logprobs": null,
    "stop_reason": null,
    "text": "\n\n1. Speed and Volume: AI can process vast amounts of data at incredible speeds, far surpassing human capabilities. It can analyze petabytes of data in seconds, while humans can only process a fraction of that in a lifetime.\n\n2. Accuracy: AI is highly accurate and consistent in its processing, as it doesn't suffer from fatigue, stress, or emotional bias. Humans, on the other hand, can make errors due to these"
  },
  {
    "finish_reason": "length",
    "index": 0,
    "logprobs": null,
    "prompt_logprobs": null,
    "stop_reason": null,
    "text": "\n\n1. **1950 - Alan Turing's \"Computing Machinery and Intelligence\"**: Turing proposed the \"Imitation Game\" (later known as the Turing Test) to determine if a machine could exhibit intelligent behavior indistinguishable from a human.\n\n2. **1956 - The Dartmouth Conference**: A group of researchers, including John McCarthy, Marvin Minsky, and Claude Sh"
  }
]
