[
  {
    "finish_reason": "tool_calls",
    "index": 0,
    "logprobs": null,
    "message": {
      "content": null,
      "reasoning_content": null,
      "role": "assistant",
      "tool_calls": [
        {
          "function": {
            "arguments": "{\"location\": \"Boston\", \"unit\": \"celsius\"}",
            "name": "get_current_weather"
          },
          "id": "chatcmpl-tool-e4a96b20fed44b16bee91927ec0327a0",
          "type": "function"
        }
      ]
    },
    "stop_reason": null
  },
  {
    "finish_reason": "tool_calls",
    "index": 0,
    "logprobs": null,
    "message": {
      "content": null,
      "reasoning_content": null,
      "role": "assistant",
      "tool_calls": [
        {
          "function": {
            "arguments": "{\"location\": \"Japan\", \"unit\": \"celsius\"}",
            "name": "get_current_weather"
          },
          "id": "chatcmpl-tool-a95e6dbe5b024cfdb28c58c17daddc86",
          "type": "function"
        }
      ]
    },
    "stop_reason": null
  }
]
