"max_sequence_length: 131072\nmax_new_tokens: 1024\n"
