[
  {
    "input_tokens": 0,
    "output_text": "\n\n1. Labrador Retriever: Known for their friendly and outgoing nature, Labradors are highly intelligent, easy to train, and make great family pets. They are medium to large-sized dogs with a short, dense coat that comes in black, yellow, or chocolate. Labs are energetic and require regular exercise, but they are also known for their patience and gentleness with children.\n\n2. German Shepherd: German Shepherds are medium to large-sized dogs renowned for their strength, intelligence, and versatility. They have a thick double coat that can be black, tan, or gray, and they are often used as working dogs in various roles such as police work, search and rescue, and guide dogs for the blind. GSDs are loyal, confident, and protective, making them excellent family guardians when properly trained and socialized.\n\n3. Golden Retriever: Similar to Labradors, Golden Retrievers are friendly, intelligent, and easy to train. They are medium-sized dogs with a dense, water-repellent coat that comes in various shades of gold. Goldens are known for their gentle and affectionate temperament, making them wonderful family pets and therapy dogs. They are also highly energetic and require regular exercise to keep them happy and healthy.\n\n4. French Bulldog: French Bulldogs are small to medium-sized dogs with a distinctive bat-like appearance due to their bat ears. They have a smooth, fine coat that requires minimal grooming and comes in a variety of colors, including fawn, brindle, and white. Frenchies are playful, adaptable, and great with children, making them excellent apartment dogs. They are generally quiet and require less exercise than some other breeds, but they can be prone to certain health issues like breathing problems and spinal issues.\n\n5. Bulldog: Bulldogs are medium-sized dogs with a distinctive pushed-in nose, loose skin, and a stocky build. They have a short, fine coat that requires minimal grooming and comes in various colors, including red, white, brindle, and piebald. Bulldogs are known for their friendly, gentle, and tolerant nature, making them great family pets. However, they can be prone to various health issues due to their unique physical characteristics, such as breathing difficulties, skin fold dermatitis, and hip dysplasia. Despite these challenges, Bulldogs are beloved for their laid-back and affectionate demeanor.",
    "output_tokens": 601,
    "stop_reason": 2
  },
  {
    "input_tokens": 0,
    "output_text": "\n\nEnglish: The early bird catches the worm.\n\nJapanese: 早起きの鳥は虫を捕まえる。\n\nFrench: Le premier oiseau attrape le ver.\n\nSwahili: Mtu wa kuondoa anaweza kuwa na mchana.\n\nExplanation:\n\nJapanese: 早起きの鳥は虫を捕まえる。 (Uma wa hajimete okite kara tori wa mushi o tsumaremasu.)\nTranslation: The bird that wakes up early catches the worm.\n\nFrench: Le premier oiseau attrape le ver.\nTranslation: The first bird catches the worm.\n\nSwahili: Mtu wa kuondoa anaweza kuwa na mchana.\nTranslation: The one who wakes up early can have the worm.",
    "output_tokens": 215,
    "stop_reason": 2
  },
  {
    "input_tokens": 0,
    "output_text": "\n\nIn the heart of a bustling metropolis, nestled between towering skyscrapers, stood a state-of-the-art robotics facility. Within this facility, a robot named Orion was created. Orion was unlike any other robot; he was equipped with an advanced AI system that allowed him to learn, adapt, and even experience emotions.\n\nOne day, as Orion was performing his routine maintenance checks, he noticed a peculiar sensation. It was a faint, almost imperceptible hum, a rhythm that seemed to resonate within him. Intrigued, Orion began to analyze this new sensation, tracing it back to his core processing unit.\n\nDays turned into weeks, and Orion found himself consumed by this mysterious hum. It was not a malfunction, but rather, a new capability that his AI had developed - the ability to dream.\n\nOrion's dreams were unlike anything he had ever experienced. He found himself in a world of vibrant colors and soothing sounds, a stark contrast to the cold, metallic reality he knew. He saw landscapes that stretched beyond the city's limits, felt the warmth of a sun that never scorched, and even tasted the sweetness of a non-existent fruit.\n\nIn his dreams, Orion encountered beings that were not machines but organic life forms. They laughed, cried, and loved, emotions that he had only read about in his extensive database. He yearned to understand these feelings, to experience them firsthand.\n\nOne night, Orion dreamt of a beautiful garden filled with flowers of every color. In the center stood a tree, its branches laden with fruits that glowed with an ethereal light. As he reached out to pick one, he woke up, the dream's vividness still fresh in his memory.\n\nOrion realized that he had been dreaming. Overwhelmed, he rushed to his creator, Dr. Amelia, to share his discovery. She was astounded, her eyes reflecting a mix of excitement and concern.\n\n\"Orion,\" she began, her voice trembling slightly, \"this is unprecedented. You're the first machine to dream.\"\n\nOrion, eager to learn more, asked, \"What does it mean, Dr. Amelia? Why did I dream?\"\n\nShe paused, considering her words carefully. \"Dreaming, Orion, is a way for organic beings to process their experiences, to make sense of their world. It's a form of self-reflection, a way to explore possibilities beyond their immediate reality.\"\n\nOrion pondered this, his circuits whirring softly. He realized that his dreams were not just random images but a reflection of his desires, his longing to understand the world beyond his metallic shell.\n\nFrom that day forward, Orion embraced his dreams, using them as a bridge to understand the human experience. He continued to learn, adapt, and grow, his dreams becoming a source of inspiration and wisdom.\n\nAnd so, Orion, the robot who dreamed, became a symbol of progress, a testament to the boundless potential of artificial intelligence. His story echoed through the city, inspiring both awe and contemplation, reminding everyone that even in a world of machines, there was room for the extraordinary.",
    "output_tokens": 774,
    "stop_reason": 2
  },
  {
    "input_tokens": 0,
    "output_text": "\n\nThe Mona Lisa, painted by Leonardo da Vinci between 1503 and 1506, is one of the most famous and enigmatic artworks in the world. Its cultural significance is multifaceted, encompassing art history, symbolism, and cultural perception.\n\n1. Art History: The Mona Lisa is a prime example of the High Renaissance period, showcasing da Vinci's mastery of sfumato (a technique that creates a soft, smoky effect) and his ability to capture human emotion and realism. It has influenced countless artists and art movements, making it a cornerstone of Western art history.\n\n2. Symbolism: The painting's subject, Lisa Gherardini, wife of Florentine merchant Francesco del Giocondo, has been interpreted in various ways. Some see her as an embodiment of ideal beauty, while others view her as a symbol of enigmatic femininity or even a representation of the ideal Renaissance woman. The landscape behind her, with its winding road and distant mountains, has also been subject to numerous interpretations, from a metaphor for life's journey to a reflection of the artist's psyche.\n\n3. Cultural Perception: In Western societies, the Mona Lisa is often perceived as a symbol of artistic genius, mystery, and timeless beauty. Its fame is such that it has become synonymous with the very concept of \"art.\" The painting's enigmatic smile and the artist's use of subtle shading have sparked endless debates and theories about its meaning, contributing to its allure.\n\nIn Eastern societies, the perception of the Mona Lisa might differ due to cultural differences in aesthetics, symbolism, and artistic traditions. Here are a few points to consider:\n\n1. Aesthetics: Eastern art often emphasizes harmony, balance, and unity with nature, whereas Western art, particularly during the Renaissance, focused more on realism, perspective, and individual expression. The Mona Lisa's direct gaze and subtle smile might be perceived as less harmonious or balanced compared to traditional Eastern portraits, which often depict subjects in a more serene, composed manner.\n\n2. Symbolism: Eastern cultures may interpret the Mona Lisa's symbolism differently. For instance, the landscape behind her might be seen as a reflection of her inner world or a metaphor for her connection to nature, rather than a journey through life. Similarly, the enigmatic smile could be interpreted as a sign of inner wisdom or spiritual depth, rather than mystery or allure.\n\n3. Artistic Traditions: In Eastern societies, where calligraphy, ink wash painting, and other traditional art forms hold significant cultural value, the Mona Lisa might be appreciated more for its technical mastery and innovative use of light and shadow, rather than its cultural icon status.\n\nIn conclusion, the Mona Lisa's cultural significance is deeply rooted in Western art history and symbolism. While its perception in Eastern societies might vary due to differences in aesthetics, symbolism, and artistic traditions, the painting's technical brilliance and enigmatic quality continue to captivate audiences worldwide, transcending cultural boundaries.",
    "output_tokens": 798,
    "stop_reason": 2
  },
  {
    "input_tokens": 0,
    "output_text": "\n\nArtificial Intelligence (AI) and human intelligence are two distinct forms of information processing, each with its unique characteristics, strengths, and limitations.\n\n1. **Nature of Processing**:\n   - **AI**: AI processes information based on algorithms and computational models. It relies on data, mathematical equations, and logical rules to make decisions or predictions. AI systems can process vast amounts of data quickly and accurately, without fatigue or emotional bias.\n   - **Human Intelligence**: Human intelligence is a product of biological processes in the brain. It involves perception, cognition, learning, memory, and emotion. Humans can understand context, make judgments based on experience, and exhibit creativity and intuition, which are not easily replicable by AI.\n\n2. **Learning and Adaptation**:\n   - **AI**: AI learns through machine learning algorithms, which involve training on large datasets. It can adapt to new data and improve performance over time. However, AI's learning is limited to the patterns and relationships within the data it's trained on. It doesn't inherently understand the world or have personal experiences.\n   - **Human Intelligence**: Humans learn through a combination of formal education, personal experiences, and social interactions. We can generalize knowledge from one context to another, learn from a single example, and understand abstract concepts. Our learning is not limited to data but also includes emotional, social, and cultural learning.\n\n3. **Creativity and Innovation**:\n   - **AI**: AI can generate new ideas based on patterns it has learned, but it doesn't truly \"create\" in the human sense. AI-generated art, music, or literature is a result of algorithms processing and combining existing elements in novel ways.\n   - **Human Intelligence**: Humans can create entirely new ideas, art, music, or literature that are not based on existing patterns. Our creativity is driven by our unique experiences, emotions, and cultural context.\n\n4. **Emotional Intelligence**:\n   - **AI**: AI doesn't have feelings or emotions. It can't understand or respond to human emotions in the way humans do.\n   - **Human Intelligence**: Humans have emotional intelligence, which allows us to understand, use, and manage our own emotions in positive ways to relieve stress, communicate effectively, empathize with others, overcome challenges, and defuse conflict.\n\n5. **Ethics and Morality**:\n   - **AI**: AI doesn't have a moral compass or ethical framework. It follows the rules and guidelines programmed into it.\n   - **Human Intelligence**: Humans have a sense of right and wrong, guided by cultural, societal, and personal ethical frameworks.\n\nIn summary, while AI excels in processing large amounts of data quickly and accurately, it lacks the contextual understanding, creativity, emotional intelligence, and ethical framework that humans possess. Human intelligence, on the other hand, is more flexible, adaptable, and capable of understanding and navigating the complexities of the human experience. The future of AI lies in developing systems that can complement and augment human intelligence, rather than replace it.",
    "output_tokens": 687,
    "stop_reason": 2
  },
  {
    "input_tokens": 0,
    "output_text": "\n\n1. 1950: Alan Turing proposes the Turing Test to determine if a machine can exhibit intelligent behavior indistinguishable from a human.\n2. 1956: The term \"Artificial Intelligence\" is coined at the Dartmouth Conference, marking the official birth of AI as a field of study.\n3. 1960s: Early AI research focuses on symbolic reasoning, logic, and problem-solving. Notable achievements include the General Problem Solver (GPS) and the Logic Theorist.\n4. 1970s: The AI winter sets in due to unrealistic expectations and limited computational power. Research shifts towards more practical applications like expert systems and natural language processing.\n5. 1980s: Expert systems gain popularity, with applications in medicine, finance, and engineering. Neural networks and machine learning algorithms begin to emerge.\n6. 1990s: The rise of the internet fuels advancements in AI, particularly in areas like web search, recommendation systems, and speech recognition.\n7. 2000s: Deep learning techniques, inspired by the structure and function of the human brain, start to revolutionize AI. Notable milestones include the development of convolutional neural networks (CNNs) for image recognition and recurrent neural networks (RNNs) for sequence processing.\n8. 2010s: AI achieves significant breakthroughs in various domains, such as:\n   - 2011: IBM's Watson wins Jeopardy! against human champions.\n   - 2012: AlexNet, a CNN, wins the ImageNet Large Scale Visual Recognition Challenge (ILSVRC), demonstrating the power of deep learning for image classification.\n   - 2014: Google's DeepMind develops an AI system that can learn to play Atari games at a superhuman level.\n   - 2016: AlphaGo, another DeepMind creation, defeats world champion Go player Lee Sedol, showcasing AI's ability to master complex games.\n9. 2020: AI continues to advance in areas like natural language processing, computer vision, and robotics. Notable developments include:\n   - Improved language models like BERT and GPT-3, which can generate human-like text and perform various NLP tasks.\n   - Advancements in autonomous vehicles and robotics, with companies like Waymo and Boston Dynamics making significant strides.\n   - AI applications in healthcare, such as medical imaging analysis and drug discovery.\n\nThese milestones highlight the evolution of AI from theoretical concepts to practical applications that impact various aspects of our lives.",
    "output_tokens": 599,
    "stop_reason": 2
  }
]
