[
  {
    "finish_reason": "tool_calls",
    "index": 0,
    "logprobs": null,
    "message": {
      "content": null,
      "reasoning_content": null,
      "role": "assistant",
      "tool_calls": [
        {
          "function": {
            "arguments": "{\"location\": \"Boston\", \"unit\": \"celsius\"}",
            "name": "get_current_weather"
          },
          "id": "chatcmpl-tool-cda160ab31ff48988d619dc27be136ac",
          "type": "function"
        }
      ]
    },
    "stop_reason": null
  },
  {
    "finish_reason": "tool_calls",
    "index": 0,
    "logprobs": null,
    "message": {
      "content": null,
      "reasoning_content": null,
      "role": "assistant",
      "tool_calls": [
        {
          "function": {
            "arguments": "{\"location\": \"Japan\", \"unit\": \"celsius\"}",
            "name": "get_current_weather"
          },
          "id": "chatcmpl-tool-95ea9d868a1b4cb3b4ddfbb33fe9fa63",
          "type": "function"
        }
      ]
    },
    "stop_reason": null
  }
]
