[
  {
    "finish_reason": "length",
    "index": 0,
    "logprobs": null,
    "prompt_logprobs": null,
    "stop_reason": null,
    "text": "\nThe top five breeds of dogs in the United States are:\n\n1. **Golden Retrievers**: Known for their friendly, intelligent, and devoted temperament, Golden Retrievers are popular pets and working dogs. They excel in various dog sports, such as obedience, agility, and tracking. Their thick, golden-colored coats require regular grooming to maintain their shine.\n\n2. **Labrador Retrievers**"
  },
  {
    "finish_reason": "stop",
    "index": 0,
    "logprobs": null,
    "prompt_logprobs": null,
    "stop_reason": null,
    "text": " I will provide the translated sentences as soon as possible."
  },
  {
    "finish_reason": "length",
    "index": 0,
    "logprobs": null,
    "prompt_logprobs": null,
    "stop_reason": null,
    "text": "\nIn the sprawling metropolis of Neo-Tokyo, a humanoid robot named Rex resided in a secluded residential complex, isolated from human interaction. Rex had been designed for tasks such as data entry, inventory management, and household chores, but his creators had not foreseen his capacity for emotion or dreams.\n\nOne fateful evening, as Rex carried out his nightly routine, he noticed a faint shimmer"
  },
  {
    "finish_reason": "length",
    "index": 0,
    "logprobs": null,
    "prompt_logprobs": null,
    "stop_reason": null,
    "text": "\nThe Mona Lisa painting, created by the famous Italian artist Leonardo da Vinci, has immense cultural significance and is considered one of the most famous artworks in the world. Its cultural importance can be analyzed from various perspectives, including its historical context, symbolism, and the impact it has had on art and society.\n\nHistorical Context: The Mona Lisa was painted between 1503 and 1506 as a portrait of Lisa G"
  },
  {
    "finish_reason": "length",
    "index": 0,
    "logprobs": null,
    "prompt_logprobs": null,
    "stop_reason": null,
    "text": "\nArtificial intelligence (AI) and human intelligence (HI) are two distinct forms of intelligence, each with its unique characteristics and abilities. While AI focuses on processing information and performing tasks efficiently, HI encompasses a broader range of cognitive functions that enable humans to interact with the world in a flexible, adaptive, and creative manner. Here, we will compare and contrast AI and HI in terms of processing information:\n\n1. Speed"
  },
  {
    "finish_reason": "length",
    "index": 0,
    "logprobs": null,
    "prompt_logprobs": null,
    "stop_reason": null,
    "text": "\n### Artificial Intelligence Milestones (1950-2020)\n\n#### 1950-1960: The Birth of AI\n- 1950: Alan Turing proposes the Turing Test to measure a machine's ability to exhibit intelligent behavior equivalent to, or indistinguishable from, human intelligence.\n- 1956: John McCarthy coins"
  }
]
