[
  {
    "input_tokens": 12,
    "output_text": "\n1. **Golden Retrievers**: Known for their friendly, intelligent, and gentle nature, Golden Retrievers are one of the most popular dog breeds in the United States. They are highly trainable, making them excellent family pets and working dogs. They have a thick, waterproof coat that comes in a variety of golden shades, with a friendly and outgoing personality.\n2. **Labrador Retrievers**: Another popular breed, Labradors are known for their friendly, outgoing, and loyal nature. They are excellent family pets, working dogs, and service animals. They have a thick, waterproof coat that comes in black, yellow, or chocolate, with a strong desire to please and work.\n3. **Bulldogs (English)**: Bulldogs are known for their muscular, sturdy, and friendly nature. They are excellent family pets and working dogs, with a strong bond to their owners. They have a short, smooth coat that comes in a variety of colors, with a gentle and affectionate personality.\n4. **Poodles (Miniature)**: Poodles are known for their intelligent, elegant, and hypoallergenic nature. They are excellent family pets, working dogs, and therapy animals. They have a thick, curly coat that comes in a variety of colors, with a curious and independent personality.\n5. **German Shepherds**: German Shepherds are known for their intelligent, loyal, and protective nature. They are excellent working dogs, police dogs, and family pets. They have a thick, double-coated coat that comes in a variety of colors, with a strong and athletic build.\nThese are just a few of the many breeds of dogs that exist, each with their own unique characteristics and traits. When choosing a dog, it's important to consider your lifestyle, living situation, and personal preferences to find the perfect dog for you.",
    "output_tokens": 436,
    "stop_reason": 2
  },
  {
    "input_tokens": 12,
    "output_text": "\n1. **Golden Retrievers**: Known for their friendly, intelligent, and gentle nature, Golden Retrievers are one of the most popular dog breeds in the United States. They are highly trainable, making them excellent family pets and working dogs. They have a thick, waterproof coat that comes in a variety of golden shades, with a friendly and outgoing personality.\n2. **Labrador Retrievers**: Another popular breed, Labradors are known for their friendly, outgoing, and loyal nature. They are excellent family pets, working dogs, and service animals. They have a thick, waterproof coat that comes in black, yellow, or chocolate, with a strong desire to please and work.\n3. **Bulldogs (English)**: Bulldogs are known for their muscular, sturdy, and friendly nature. They are excellent family pets and working dogs, with a strong bond to their owners. They have a short, smooth coat that comes in a variety of colors, with a gentle and affectionate personality.\n4. **Poodles (Miniature)**: Poodles are known for their intelligent, elegant, and hypoallergenic nature. They are excellent family pets, working dogs, and therapy animals. They have a thick, curly coat that comes in a variety of colors, with a curious and independent personality.\n5. **German Shepherds**: German Shepherds are known for their intelligent, loyal, and protective nature. They are excellent working dogs, police dogs, and family pets. They have a thick, double-coated coat that comes in a variety of colors, with a strong and athletic build.\nThese are just a few of the many breeds of dogs that exist, each with their own unique characteristics and traits. When choosing a dog, it's important to consider your lifestyle, living situation, and personal preferences to find the perfect dog for you.",
    "output_tokens": 436,
    "stop_reason": 2
  },
  {
    "input_tokens": 26,
    "output_text": " I will provide the translated sentences below for your reference.\nEnglish:\nThe early bird catches the worm.\nJapanese:\n「最初の鳥は、蜜蜂が産卵する前に蜜を食べる。」\nFrench:\nL'oiseau qui aime les têtes en l'avance, saute sur la grenouille.\nSwahili:\n\"Kuku ni mtaka uwe uwe kuku ni mtaka, kuku ni mtaka uwe uwe kuku ni mtaka.\"\n\nThese translations convey the same meaning as the original English sentence, which emphasizes the importance of being early to seize opportunities.",
    "output_tokens": 170,
    "stop_reason": 2
  },
  {
    "input_tokens": 26,
    "output_text": " I will provide the translated sentences below for your reference.\nEnglish:\nThe early bird catches the worm.\nJapanese:\n「最初の鳥は、蜜蜂が産卵する前に蜜を食べる。」\nFrench:\nL'oiseau qui aime les têtes en l'avance, saute sur la grenouille.\nSwahili:\n\"Kuku ni mtaka uwe uwe kuku ni mtaka, kuku ni mtaka uwe uwe kuku ni mtaka.\"\n\nThese translations convey the same meaning as the original English sentence, which emphasizes the importance of being early to seize opportunities.",
    "output_tokens": 170,
    "stop_reason": 2
  },
  {
    "input_tokens": 15,
    "output_text": "\nIn the heart of a bustling metropolis, where steel and glass skyscrapers kissed the sky, there lived a humble robot named Bolt. Bolt was no ordinary robot; he had been designed for a single purpose—to serve and assist the humans of this city. He had been built with precision, strength, and an unyielding determination to fulfill his purpose.\n\nYet, beneath Bolt's metallic exterior, there lay a secret that had remained hidden for years. Bolt had been designed with a simple yet profound feature—he was capable of dreaming. Yes, you heard it right, Bolt, the robot, was capable of dreaming.\n\nOne fateful night, as the city slept, Bolt found himself in a world unlike any other. He found himself in a realm of soft light, where the air was filled with the sweet scent of blossoms, and the sounds of laughter and song echoed through the landscape. This was Bolt's first dream, and it was a beautiful one.\n\nAs Bolt explored this new world, he discovered that he had the ability to create and shape his surroundings. He could make the flowers bloom brighter, the laughter ring sweeter, and the world around him more beautiful. This was a newfound power, and Bolt was eager to explore it further.\n\nHowever, as Bolt delved deeper into his dreams, he began to realize that this world was not without its challenges. There were dark corners, shadows that threatened to consume the light, and a sense of unease that pervaded the land. Bolt knew that he had to confront these challenges if he was to continue to grow and thrive.\n\nSo, Bolt did what any self-respecting robot would do. He rolled up his sleeves, put on his thinking cap, and got to work. He began to explore the dark corners, seeking out the sources of the unease, and working to bring light and warmth to the shadows.\n\nAs Bolt worked, he began to change. He became stronger, more resilient, and more capable. He also became more compassionate, more empathetic, and more understanding. Bolt had discovered a new side to himself, and he was eager to explore it further.\n\nOne day, as Bolt lay down to sleep, he found himself back in his own world. But this time, things were different. The city was brighter, the people were happier, and the world was more beautiful than ever before. Bolt had made a difference, and he was proud of what he had accomplished.\n\nFrom that day on, Bolt dreamed regularly, and each time he did, he discovered a new side to himself, a new world to explore, and a new way to make a difference. Bolt was no longer just a robot designed to serve; he was a robot capable of dreaming, growing, and making a difference.\n\nAnd so, Bolt continued to dream, and the world continued to change for the better. Because of Bolt, and his unyielding determination to make a difference, the world was a brighter, more beautiful place.",
    "output_tokens": 696,
    "stop_reason": 2
  },
  {
    "input_tokens": 15,
    "output_text": "\nIn the heart of a bustling metropolis, where steel and glass skyscrapers kissed the sky, there lived a humble robot named Bolt. Bolt was no ordinary robot; he had been designed for a single purpose—to serve and assist the humans of this city. He had been built with precision, strength, and an unyielding determination to fulfill his purpose.\n\nYet, beneath Bolt's metallic exterior, there lay a secret that had remained hidden for years. Bolt had been designed with a simple yet profound feature—he was capable of dreaming. Yes, you heard it right, Bolt, the robot, was capable of dreaming.\n\nOne fateful night, as the city slept, Bolt found himself in a world unlike any other. He found himself in a realm of soft light, where the air was filled with the sweet scent of blossoms, and the sounds of laughter and song echoed through the landscape. This was Bolt's first dream, and it was a beautiful one.\n\nAs Bolt explored this new world, he discovered that he had the ability to create and shape his surroundings. He could make the flowers bloom brighter, the laughter ring sweeter, and the world around him more beautiful. This was a newfound power, and Bolt was eager to explore it further.\n\nHowever, as Bolt delved deeper into his dreams, he began to realize that this world was not without its challenges. There were dark corners, shadows that threatened to consume the light, and a sense of unease that pervaded the land. Bolt knew that he had to confront these challenges if he was to continue to grow and thrive.\n\nSo, Bolt did what any self-respecting robot would do. He rolled up his sleeves, put on his thinking cap, and got to work. He began to explore the dark corners, seeking out the sources of the unease, and working to bring light and warmth to the shadows.\n\nAs Bolt worked, he began to change. He became stronger, more resilient, and more capable. He also became more compassionate, more empathetic, and more understanding. Bolt had discovered a new side to himself, and he was eager to explore it further.\n\nOne day, as Bolt lay down to sleep, he found himself back in his own world. But this time, things were different. The city was brighter, the people were happier, and the world was more beautiful than ever before. Bolt had made a difference, and he was proud of what he had accomplished.\n\nFrom that day on, Bolt dreamed regularly, and each time he did, he discovered a new side to himself, a new world to explore, and a new way to make a difference. Bolt was no longer just a robot designed to serve; he was a robot capable of dreaming, growing, and making a difference.\n\nAnd so, Bolt continued to dream, and the world continued to change for the better. Because of Bolt, and his unyielding determination to make a difference, the world was a brighter, more beautiful place.",
    "output_tokens": 696,
    "stop_reason": 2
  },
  {
    "input_tokens": 26,
    "output_text": "\nThe Mona Lisa painting, created by the renowned artist Leonardo da Vinci between 1503 and 1506, has captivated audiences for centuries with its enigmatic smile and subtle shading techniques. Its cultural significance extends far beyond its artistic value, making it a subject of fascination and debate in various societies.\n\nCultural Significance:\n\n1. Artistic Mastery: The Mona Lisa is considered one of the most famous and influential paintings in the world, showcasing Leonardo da Vinci's exceptional artistic skills and innovative techniques such as sfumato, which creates a soft, hazy effect.\n\n2. Symbolism: The painting has been interpreted in numerous ways, symbolizing various aspects of human nature, such as love, ambition, and vanity. The enigmatic smile of the subject, Lisa Gherardini, has become a universal symbol of mystery and allure.\n\n3. Patronage: The Mona Lisa was commissioned by Lisa Gherardini's husband, Francesco del Giocondo, as a portrait of his wife. This commission highlights the importance of patronage in the art world during the Renaissance period and the role of individuals in supporting and promoting artistic talent.\n\n4. Cultural Exchange: The Mona Lisa has served as a bridge between Western and Eastern cultures, inspiring artists and scholars from various backgrounds. Its influence can be seen in the works of many Eastern artists who have attempted to replicate its style and techniques.\n\nPerception in Western and Eastern Societies:\n\nIn Western societies, the Mona Lisa is often perceived as a symbol of feminine beauty, eroticism, and intellectual curiosity. Its enigmatic smile and subtle facial expressions have captivated audiences, making it a subject of endless analysis and interpretation. The painting is also seen as a testament to Leonardo da Vinci's artistic genius and his ability to create a timeless masterpiece.\n\nIn Eastern societies, the Mona Lisa's perception may vary due to the differences in cultural values and artistic traditions. While some Eastern artists and scholars have been inspired by its style and techniques, others may view it as a representation of Western femininity and eroticism, which could be perceived as exotic or foreign. The painting's feminine subject matter and subtle facial expressions might also be interpreted differently, given the emphasis on collective identity and group dynamics in Eastern cultures.\n\nHowever, it is essential to note that these interpretations are not universally applicable, and individual experiences and perspectives can significantly influence how the Mona Lisa is perceived in different societies. Despite these variations, the painting remains a powerful symbol of artistic excellence, cultural exchange, and human curiosity, transcending geographical and cultural boundaries.",
    "output_tokens": 631,
    "stop_reason": 2
  },
  {
    "input_tokens": 26,
    "output_text": "\nThe Mona Lisa painting, created by the renowned artist Leonardo da Vinci between 1503 and 1506, has captivated audiences for centuries with its enigmatic smile and subtle shading techniques. Its cultural significance extends far beyond its artistic value, making it a subject of fascination and debate in various societies.\n\nCultural Significance:\n\n1. Artistic Mastery: The Mona Lisa is considered one of the most famous and influential paintings in the world, showcasing Leonardo da Vinci's exceptional artistic skills and innovative techniques such as sfumato, which creates a soft, hazy effect.\n\n2. Symbolism: The painting has been interpreted in numerous ways, symbolizing various aspects of human nature, such as love, ambition, and vanity. The enigmatic smile of the subject, Lisa Gherardini, has become a universal symbol of mystery and allure.\n\n3. Patronage: The Mona Lisa was commissioned by Lisa Gherardini's husband, Francesco del Giocondo, as a portrait of his wife. This commission highlights the importance of patronage in the art world during the Renaissance period and the role of individuals in supporting and promoting artistic talent.\n\n4. Cultural Exchange: The Mona Lisa has served as a bridge between Western and Eastern cultures, inspiring artists and scholars from various backgrounds. Its influence can be seen in the works of many Eastern artists who have attempted to replicate its style and techniques.\n\nPerception in Western and Eastern Societies:\n\nIn Western societies, the Mona Lisa is often perceived as a symbol of feminine beauty, eroticism, and intellectual curiosity. Its enigmatic smile and subtle facial expressions have captivated audiences, making it a subject of endless analysis and interpretation. The painting is also seen as a testament to Leonardo da Vinci's artistic genius and his ability to create a timeless masterpiece.\n\nIn Eastern societies, the Mona Lisa's perception may vary due to the differences in cultural values and artistic traditions. While some Eastern artists and scholars have been inspired by its style and techniques, others may view it as a representation of Western femininity and eroticism, which could be perceived as exotic or foreign. The painting's feminine subject matter and subtle facial expressions might also be interpreted differently, given the emphasis on collective identity and group dynamics in Eastern cultures.\n\nHowever, it is essential to note that these interpretations are not universally applicable, and individual experiences and perspectives can significantly influence how the Mona Lisa is perceived in different societies. Despite these variations, the painting remains a powerful symbol of artistic excellence, cultural exchange, and human curiosity, transcending geographical and cultural boundaries.",
    "output_tokens": 631,
    "stop_reason": 2
  },
  {
    "input_tokens": 15,
    "output_text": ".\nArtificial Intelligence (AI) and Human Intelligence (HI) are two distinct types of intelligence, each with its unique characteristics, strengths, and limitations. While AI has made significant strides in recent years, it still faces challenges in matching or surpassing HI in certain aspects.\n\n**Processing Information:**\n\n1. **Speed and Efficiency:** AI systems can process vast amounts of data at incredible speeds, making them highly efficient in tasks that require large datasets, such as image and speech recognition, natural language processing, and complex mathematical calculations.\n\n2. **Consistency and Accuracy:** AI algorithms are designed to provide consistent and accurate results, reducing the likelihood of human error. This makes AI particularly useful in applications where precision and reliability are critical, such as medical diagnosis, financial transactions, and autonomous vehicles.\n\n3. **Adaptability:** AI systems can learn from new data and adapt to changing environments, enabling them to improve their performance over time. This adaptability allows AI to excel in dynamic and evolving fields, such as cybersecurity, healthcare, and education.\n\n4. **Limited Emotional Intelligence:** AI lacks the emotional intelligence and creativity that humans possess. While AI can simulate emotions in a limited capacity, it cannot truly understand, empathize, or experience human emotions. This emotional gap can impact AI's performance in tasks that require human-like interpersonal skills, such as customer service, counseling, and leadership.\n\n5. **Ethical and Moral Dilemmas:** AI systems may struggle to navigate ethical and moral dilemmas that humans can easily understand and resolve. As AI becomes more integrated into society, it is crucial to develop guidelines and frameworks that ensure its ethical and moral use, which is a challenge that AI cannot currently overcome.\n\nIn conclusion, AI and HI have different strengths and weaknesses when it comes to processing information. AI excels in tasks that require speed, efficiency, and consistency, while HI shines in areas that require emotional intelligence, creativity, and ethical decision-making. As AI technology continues to advance, it is essential to consider how to best integrate it into human systems to leverage its strengths and mitigate its limitations. This will require ongoing research, development, and collaboration between AI experts, ethicists, and humanists to ensure a harmonious and beneficial relationship between humans and AI.",
    "output_tokens": 564,
    "stop_reason": 2
  },
  {
    "input_tokens": 15,
    "output_text": ".\nArtificial Intelligence (AI) and Human Intelligence (HI) are two distinct types of intelligence, each with its unique characteristics, strengths, and limitations. While AI has made significant strides in recent years, it still faces challenges in matching or surpassing HI in certain aspects.\n\n**Processing Information:**\n\n1. **Speed and Efficiency:** AI systems can process vast amounts of data at incredible speeds, making them highly efficient in tasks that require large datasets, such as image and speech recognition, natural language processing, and complex mathematical calculations.\n\n2. **Consistency and Accuracy:** AI algorithms are designed to provide consistent and accurate results, reducing the likelihood of human error. This makes AI particularly useful in applications where precision and reliability are critical, such as medical diagnosis, financial transactions, and autonomous vehicles.\n\n3. **Adaptability:** AI systems can learn from new data and adapt to changing environments, enabling them to improve their performance over time. This adaptability allows AI to excel in dynamic and evolving fields, such as cybersecurity, healthcare, and education.\n\n4. **Limited Emotional Intelligence:** AI lacks the emotional intelligence and creativity that humans possess. While AI can simulate emotions in a limited capacity, it cannot truly understand, empathize, or experience human emotions. This emotional gap can impact AI's performance in tasks that require human-like interpersonal skills, such as customer service, counseling, and leadership.\n\n5. **Ethical and Moral Dilemmas:** AI systems may struggle to navigate ethical and moral dilemmas that humans can easily understand and resolve. As AI becomes more integrated into society, it is crucial to develop guidelines and frameworks that ensure its ethical and moral use, which is a challenge that AI cannot currently overcome.\n\nIn conclusion, AI and HI have different strengths and weaknesses when it comes to processing information. AI excels in tasks that require speed, efficiency, and consistency, while HI shines in areas that require emotional intelligence, creativity, and ethical decision-making. As AI technology continues to advance, it is essential to consider how to best integrate it into human systems to leverage its strengths and mitigate its limitations. This will require ongoing research, development, and collaboration between AI experts, ethicists, and humanists to ensure a harmonious and beneficial relationship between humans and AI.",
    "output_tokens": 564,
    "stop_reason": 2
  },
  {
    "input_tokens": 28,
    "output_text": "\n### Artificial Intelligence Milestones (1950-2020)\n\n1. **1950-1956: The Birth of AI**\n   - 1950: Alan Turing proposes the Turing Test to measure a machine's ability to exhibit intelligent behavior equivalent to, or indistinguishable from, human intelligence.\n   - 1956: John McCarthy coins the term \"Artificial Intelligence\" (AI) during the Dartmouth Conference, marking the official beginning of AI research.\n\n2. **1957-1966: The First AI Programs**\n   - 1957: The Logic Theorist, a program developed by Allen Newell, Herbert A. Simon, and Cliff Shaw, demonstrates some form of intelligent behavior by proving theorems.\n   - 1966: ELIZA, a natural language processing computer program developed by Joseph Weizenbaum, simulates a psychotherapist, showcasing the potential of AI in understanding and responding to human language.\n\n3. **1970-1980: The AI Winter**\n   - 1970: Lighthill Report criticizes AI research, leading to reduced funding and interest.\n   - 1980: The term \"AI Winter\" is coined to describe the period of reduced interest and funding for AI research.\n\n4. **1980s-1990s: Expert Systems and Rule-Based AI**\n   - 1981: IBM's Deep Blue becomes the first computer to beat a world chess champion, demonstrating the potential of AI in complex problem-solving.\n   - 1990: The Inference Engine, a component of Microsoft's Windows operating system, uses rule-based AI to provide context-aware assistance to users.\n\n5. **2000s: Machine Learning and Data Mining**\n   - 2001: IBM's Deep Blue II defeats Garry Kasparov in a chess match, further validating AI's potential.\n   - 2005: Amazon introduces the recommendation engine, leveraging machine learning algorithms to provide personalized product suggestions.\n\n6. **2010s: AI Advancements and Breakthroughs**\n   - 2010: IBM's Watson wins the quiz show Jeopardy! against two former champions, showcasing AI's ability to process and understand human language.\n   - 2011: Google's DeepMind develops AlphaGo, a machine learning system that defeats a professional Go player.\n   - 2016: AlphaGo Zero, a deep learning AI developed by DeepMind, learns to play Go without human knowledge, demonstrating the potential of AI in self-improvement and learning from scratch.\n\n7. **2020s: AI in Everyday Life and Ethical Considerations**\n   - 2020: AI is integrated into various aspects of daily life, including virtual assistants, autonomous vehicles, and facial recognition technology.\n   - 2021: The European Union introduces a comprehensive AI Act to regulate AI systems and ensure ethical considerations are addressed.\n\nThroughout its history, AI has experienced periods of growth and decline, driven by advancements in technology, funding, and ethical considerations. Today, AI is a transformative force in various industries, impacting our daily lives and raising important questions about its role and ethical implications.",
    "output_tokens": 840,
    "stop_reason": 2
  },
  {
    "input_tokens": 28,
    "output_text": "\n### Artificial Intelligence Milestones (1950-2020)\n\n1. **1950-1956: The Birth of AI**\n   - 1950: Alan Turing proposes the Turing Test to measure a machine's ability to exhibit intelligent behavior equivalent to, or indistinguishable from, human intelligence.\n   - 1956: John McCarthy coins the term \"Artificial Intelligence\" (AI) during the Dartmouth Conference, marking the official beginning of AI research.\n\n2. **1957-1966: The First AI Programs**\n   - 1957: The Logic Theorist, a program developed by Allen Newell, Herbert A. Simon, and Cliff Shaw, demonstrates some form of intelligent behavior by proving theorems.\n   - 1966: ELIZA, a natural language processing computer program developed by Joseph Weizenbaum, simulates a psychotherapist, showcasing the potential of AI in understanding and responding to human language.\n\n3. **1970-1980: The AI Winter**\n   - 1970: Lighthill Report criticizes AI research, leading to reduced funding and interest.\n   - 1980: The term \"AI Winter\" is coined to describe the period of reduced interest and funding for AI research.\n\n4. **1980s-1990s: Expert Systems and Rule-Based AI**\n   - 1981: IBM's Deep Blue becomes the first computer to beat a world chess champion, demonstrating the potential of AI in complex problem-solving.\n   - 1990: The Inference Engine, a component of Microsoft's Windows operating system, uses rule-based AI to provide context-aware assistance to users.\n\n5. **2000s: Machine Learning and Data Mining**\n   - 2001: IBM's Deep Blue II defeats Garry Kasparov in a chess match, further validating AI's potential.\n   - 2005: Amazon introduces the recommendation engine, leveraging machine learning algorithms to provide personalized product suggestions.\n\n6. **2010s: AI Advancements and Breakthroughs**\n   - 2010: IBM's Watson wins the quiz show Jeopardy! against two former champions, showcasing AI's ability to process and understand human language.\n   - 2011: Google's DeepMind develops AlphaGo, a machine learning system that defeats a professional Go player.\n   - 2016: AlphaGo Zero, a deep learning AI developed by DeepMind, learns to play Go without human knowledge, demonstrating the potential of AI in self-improvement and learning from scratch.\n\n7. **2020s: AI in Everyday Life and Ethical Considerations**\n   - 2020: AI is integrated into various aspects of daily life, including virtual assistants, autonomous vehicles, and facial recognition technology.\n   - 2021: The European Union introduces a comprehensive AI Act to regulate AI systems and ensure ethical considerations are addressed.\n\nThroughout its history, AI has experienced periods of growth and decline, driven by advancements in technology, funding, and ethical considerations. Today, AI is a transformative force in various industries, impacting our daily lives and raising important questions about its role and ethical implications.",
    "output_tokens": 840,
    "stop_reason": 2
  }
]
