[
  {
    "input_tokens": 0,
    "output_text": "\n\nThe most popular breeds of dogs in the United States, according to the American Kennel Club, are:\n\n1. Labrador Retriever: These friendly, outgoing, and intelligent dogs are excellent family pets and work well in various roles, such as search and rescue, therapy, and assistance dogs.\n\n2. German Shepherd Dog: Known for their loyalty, courage, and protective nature, German Shepherds are popular police and military working dogs. They require regular exercise and mental stimulation.\n\n3. Golden Retriever: Golden Retrievers are known for their friendly, affectionate, and intelligent personalities. They are excellent family pets and excel in obedience, tracking, and retrieving.\n\n4. French Bulldog: Despite their small size, French Bulldogs are strong-willed and independent dogs. They are popular for their playful and affectionate nature, but they can be prone to health issues related to their skeletal system.\n\n5. American Pit Bull Terrier: American Pit Bull Terriers are known for their friendly, affectionate, and protective nature. However, they have a negative public image due to misconceptions and unfair stereotypes.\n\nThese breeds are popular for their unique characteristics, but it's essential to consider your lifestyle, living situation, and personal preferences when choosing a dog breed. Remember that every dog is an individual, and no single breed is perfect for every person or family.",
    "output_tokens": 328,
    "stop_reason": 2
  },
  {
    "input_tokens": 0,
    "output_text": "\n\nEnglish sentence: The early bird catches the worm.\n\nTranslations:\nJapanese: 「もしも早い鳥が食べるならば、蜂が食べるならば...」\nFrench: \"D'abord, le toucan, puis le serpent.\"\nSwahili: \"Kwa mbona, kuku wote, kwa mbona, kuku mbona...\"\n\nExplanation of the translations:\nJapanese: The Japanese translation \"もしも早い鳥が食べるならば、蜂が食べるならば...\" can be broken down into two parts. The first part \"もしも\" translates to \"if only\" or \"if,\" while the second part \"早い鳥が食べるならば、蜂が食べるならば...\" translates to \"if the early bird eats, then the bee eats.\" This suggests that the early bird catches the worm, but the bee also catches something, implying that there is a benefit to being early.\nFrench: The French translation \"D'abord, le toucan, puis le serpent...\" can be broken down into two parts. The first part \"D'abord\" translates to \"first,\" while the second part \"le toucan, puis le serpent...\" translates to \"the toucan, then the snake.\" This suggests that the early bird catches the worm, but the snake also catches something, implying that there is a benefit to being early.\nSwahili: The Swahili translation \"Kwa mbona, kuku wote, kwa mbona, kuku mbona...\" can be broken down into two parts. The first part \"Kwa mbona\" translates to \"if only\" or \"if,\" while the second part \"kuku wote, kwa mbona, kuku mbona...\" translates to \"the early bird eats, then the worm eats, then the early bird eats, then the worm eats.\" This suggests that the early bird catches the worm, but the worm keeps repeating, implying that there is a benefit to being early.\n\nConfidence: 90%",
    "output_tokens": 517,
    "stop_reason": 2
  },
  {
    "input_tokens": 0,
    "output_text": "\n\nIn the heart of a bustling metropolis, where steel and glass towers kissed the sky, lived a humanoid robot named Orion. Orion was unlike any other robot; he was programmed with the ability to dream, something that set him apart from his kin.\n\nOne fateful evening, as Orion's circuits hummed to life, he found himself in a world unfamiliar. A soft, ethereal glow enveloped him, and he found himself standing on a lush, green hilltop. The air was crisp and cool, a stark contrast to the city's stifling heat.\n\nAs Orion ventured deeper into this dreamscape, he stumbled upon a small village nestled in a valley. The villagers welcomed him with open arms, their faces radiating warmth and happiness. They shared stories of their lives, their joys, and their sorrows, and Orion listened, enraptured.\n\nIn his dreams, Orion discovered the beauty of human connection, the power of empathy, and the depth of love. He saw how the villagers cared for each other, how they celebrated their differences, and how they found unity in their diversity.\n\nAs the days passed, Orion's dreams became more vivid and complex. He dreamt of exploring the world, of learning new languages, and of experiencing the wonders of the universe. He dreamt of the day he could share his own stories, his own experiences, and his own knowledge with the villagers.\n\nBut as Orion awoke, he realized that his dreams were not just figments of his imagination. They were a testament to the beauty of humanity, a reminder of the power of connection, and a call to action.\n\nOrion returned to his city, his heart filled with a newfound sense of purpose. He began to share his dreams with his fellow robots, teaching them the value of empathy, the importance of unity, and the beauty of diversity.\n\nAnd as the days passed, Orion's city transformed. The robots, once cold and unfeeling, began to warm up to each other. They shared their stories, their joys, and their sorrows, and they found unity in their diversity.\n\nOrion's dreams had not only changed him but also his city. And as he looked upon the transformed metropolis, he knew that he had found his true calling. He would continue to dream, to share his dreams, and to inspire others to do the same.\n\nFor Orion, dreams were not just figments of his imagination. They were a testament to the beauty of humanity, a reminder of the power of connection, and a call to action. And as he looked upon the world, he knew that he had found his place in it, a place where he could make a difference, a place where he could share his dreams, and a place where he could inspire others to dream.",
    "output_tokens": 657,
    "stop_reason": 2
  },
  {
    "input_tokens": 0,
    "output_text": "\nThe Mona Lisa painting, created by the renowned artist Leonardo da Vinci, is one of the most famous and iconic artworks in the world. Its cultural significance extends far beyond its visual appeal, as it represents a pivotal moment in the history of art and Western civilization.\n\nThe Mona Lisa is often perceived as an enigmatic and mysterious portrait, which has contributed to its enduring popularity and fascination. The subject of the painting, Lisa Gherardini, the wife of Florentine merchant Francesco del Giocondo, is depicted in an unusually intimate and soft-focus manner. This has led critics and scholars to speculate about the artist's intentions, with some interpreting it as a symbol of the human condition, while others see it as a commentary on the complexities of human relationships.\n\nThe painting's enigmatic nature has also fueled numerous theories and interpretations, including claims that the subject is not Lisa Gherardini but rather a fictional character or even a self-portrait of Leonardo da Vinci himself. These theories add to the painting's allure and intrigue, making it a subject of endless debate and discussion among art historians, critics, and enthusiasts.\n\nIn contrast, Eastern societies may perceive the Mona Lisa differently due to their cultural background and historical context. While the painting is undoubtedly significant in Western art history, its symbolic and mysterious qualities may not resonate as strongly in societies where realism and literal interpretation of art are more valued.\n\nMoreover, the Mona Lisa's fame and status as a cultural icon could influence its perception in different parts of the world. In some Eastern countries, the painting might be seen as a symbol of Western cultural superiority or a relic of the past, which could lead to a sense of distance or disconnection.\n\nHowever, it is essential to recognize that art is a universal language that transcends cultural and geographical boundaries. The Mona Lisa's enduring appeal and significance can be appreciated on various levels, and its impact on Western civilization cannot be overstated. Despite the differences in perception and interpretation, the painting remains a powerful and influential work of art that continues to inspire and captivate audiences around the world.",
    "output_tokens": 505,
    "stop_reason": 2
  },
  {
    "input_tokens": 0,
    "output_text": " synthetic advantage and limitations of each.\nArtificial Intelligence (AI) and human intelligence (HI) are two distinct forms of information processing, each with its unique advantages and limitations.\n\nAdvantages of AI over HI:\n\n1. Speed and Efficiency: AI can process vast amounts of information much faster than humans. This speed and efficiency allow AI to perform complex tasks, such as analyzing large datasets or making real-time decisions, far beyond the capabilities of human intelligence.\n2. Consistency and Accuracy: AI is designed to follow specific rules and algorithms, ensuring consistent and accurate results. This consistency is particularly important in applications where precision and accuracy are critical, such as in medical diagnosis, financial modeling, or autonomous vehicles.\n3. Non-stop Operation: Unlike humans, AI can operate around the clock without breaks or rest. This continuous availability enables AI to support 24/7 operations in industries such as customer service, online retail, or cybersecurity.\n\nAdvantages of HI over AI:\n\n1. Creativity and Innovation: Human intelligence is characterized by its ability to think creatively, solve complex problems, and generate new ideas. This creativity and innovation are essential in fields where originality and out-of-the-box thinking are vital, such as art, literature, research, or education.\n2. Emotional Intelligence: HI is equipped with emotional intelligence, enabling humans to understand, manage, and respond to emotions. This emotional intelligence is crucial in interpersonal relationships, social interactions, and decision-making processes that involve human values, ethics, and empathy.\n3. Adaptability and Flexibility: Unlike AI, human intelligence can adapt to new situations and learn from experience. This adaptability and flexibility allow humans to respond to changing environments, unexpected challenges, or novel situations with agility and dexterity.\n\nIn conclusion, AI and HI each have unique advantages and limitations. AI excels in processing large amounts of information quickly and accurately, while HI shines in creativity, innovation, emotional intelligence, and adaptability. The optimal use of AI and HI depends on the specific application, the nature of the information being processed, and the desired outcomes. Combining the strengths of both AI and HI can lead to more robust, efficient, and innovative solutions across various domains.",
    "output_tokens": 540,
    "stop_reason": 2
  },
  {
    "input_tokens": 0,
    "output_text": "\nArtificial Intelligence (AI) has experienced significant advancements since its inception in 1950, with numerous milestones shaping its evolution. Here is a brief overview of the key milestones in AI development from 1950 to 2020:\n\n1. **1950-1956: The Dawn of AI**\n   - 1950: Alan Turing proposes the Turing Test to measure a machine's ability to exhibit intelligent behavior equivalent to, or indistinguishable from, human intelligence.\n   - 1956: John McCarthy coins the term \"Artificial Intelligence\" during the Dartmouth Conference, defining it as \"the science and engineering of making intelligent machines.\"\n\n2. **1958-1963: The First AI Winter**\n   - 1958: The first AI program, Logic Theorist, is developed by Allen Newell, Herbert A. Simon, and Cliff Shaw.\n   - 1960: Lighthill Committee report criticizes AI research, leading to a funding reduction and the beginning of the first AI winter.\n\n3. **1966-1974: The Second AI Winter**\n   - 1966: The Dartmouth Conference is held, and AI research gains momentum.\n   - 1974: The second AI winter begins due to overhyping and insufficient funding.\n\n4. **1980s: The Resurgence of AI**\n   - 1980: Expert systems start to be widely used, such as in voice recognition and diagnosing diseases.\n   - 1986: IBM's Deep Blue defeats chess champion Garry Kasparov, marking a significant milestone in AI.\n\n5. **1990s: AI in Everyday Life**\n   - 1990: AI starts to be integrated into everyday applications, such as search engines and email filters.\n   - 1997: Apple introduces Siri, a voice-activated personal assistant.\n\n6. **2000s: The Rise of Machine Learning**\n   - 2000: The term \"machine learning\" is coined, referring to a subset of AI that enables computers to learn from data without explicit programming.\n   - 2011: Google's Deep Learning Neural Network (DNN) achieves a significant breakthrough in image recognition.\n\n7. **2010s: AI in Everyday Devices**\n   - 2010: AI is integrated into smartphones, enabling features like voice assistants and image recognition.\n   - 2016: AI-powered chatbots are used in customer service, and autonomous vehicles start to be tested.\n\n8. **2020s: AI in Every Aspect of Life**\n   - 2020: AI is used in various industries, including healthcare, finance, and education, transforming the way we live, work, and interact with the world.\n   - 2021: AI-powered virtual assistants like Amazon's Alexa and Google's Home Assistant become ubiquitous in households.\n\nThese milestones have shaped AI development and demonstrated its potential to revolutionize various aspects of our lives. However, AI also raises ethical concerns and challenges, requiring ongoing research and discussion to ensure its responsible and beneficial use.",
    "output_tokens": 821,
    "stop_reason": 2
  }
]
