[
  {
    "finish_reason": "stop",
    "index": 0,
    "logprobs": null,
    "message": {
      "content": "\neven_number = [i for i in range(100, 0, -1)]",
      "reasoning_content": null,
      "role": "assistant",
      "tool_calls": []
    },
    "stop_reason": null
  },
  {
    "finish_reason": "stop",
    "index": 0,
    "logprobs": null,
    "message": {
      "content": "\nThe input sentence contains several clauses, and each clause can be represented as a separate function. Here's the decomposition of the input sentence:\n\n```python\ndef spellforce_3():\n    return \"SpellForce 3\"\n\ndef grimlore_games():\n    return \"Grimlore Games\"\n\ndef year_2017():\n    return \"2017\"\n```\n\nHowever, to express the sentiment and the overall meaning of the input sentence, we need to combine these functions using attribute values. Here's the improved decomposition of the input sentence:\n\n```python\ndef spellforce_3():\n    return \"SpellForce 3\"\n\ndef grimlore_games():\n    return \"Grimlore Games\"\n\ndef year_2017():\n    return \"2017\"\n\ndef sentiment():\n    return \"-1\"  # negative sentiment\n\ndef overall_meaning():\n    return f\"{spellforce_3()}/{grimlore_games()}/{year_2017()}\"\n```\n\nThe `sentiment()` function assigns a negative sentiment score to the input sentence, while the `overall_meaning()` function combines the attributes and attribute values using the `/` operator. The resulting sentiment score can be interpreted as the overall meaning of the input sentence.\n\nIn this case, the overall sentiment score is negative, indicating that the input sentence expresses a negative opinion about the game SpellForce 3, the developer Grimlore Games, and the year 2017.",
      "reasoning_content": null,
      "role": "assistant",
      "tool_calls": []
    },
    "stop_reason": null
  }
]
