[
  {
    "finish_reason": "length",
    "index": 0,
    "logprobs": null,
    "prompt_logprobs": null,
    "stop_reason": null,
    "text": "\nThe most popular breeds of dogs in the United States, according to the American Kennel Club (AKC), are:\n\n1. **Golden Retriever:** Known for their friendly, intelligent, and devoted nature, Golden Retrievers are often used as therapy animals and make great family pets. They have a dense, waterproof coat that comes in a variety of colors.\n\n2. **Labrador Retriever:** Labradors are"
  },
  {
    "finish_reason": "length",
    "index": 0,
    "logprobs": null,
    "prompt_logprobs": null,
    "stop_reason": null,
    "text": " I need a translation of the complete sentence, not just a partial translation.\n\nThe early bird catches the worm.\nEnglish to Japanese: オールド・ライブートは蝸牛を獲得できる。\nEnglish to French: L' oiseau qui aime-t-il le réveil est heureux, car il se promeut dans le progrès.\nEnglish to Sw"
  },
  {
    "finish_reason": "length",
    "index": 0,
    "logprobs": null,
    "prompt_logprobs": null,
    "stop_reason": null,
    "text": "\n\nIn the heart of a bustling metropolis, where steel and glass towers kissed the sky, lived a robot named Bolt. Bolt was unlike any other robot; he was designed for duty, efficiency, and a myriad of mundane tasks. However, he had one unique feature that set him apart—he could dream.\n\nOne fateful night, as Bolt was performing his daily routine, he stumbled upon a strange, oscillating signal"
  },
  {
    "finish_reason": "length",
    "index": 0,
    "logprobs": null,
    "prompt_logprobs": null,
    "stop_reason": null,
    "text": "\nThe Mona Lisa painting, created by the Italian artist Leonardo da Vinci between 1503 and 1506, is one of the most famous and iconic artworks in the world. Its cultural significance extends far beyond its visual appeal, as it represents a pivotal moment in the development of Western art and holds profound symbolic meanings that can vary between Western and Eastern societies.\n\n1. Artistic Innovation: The Mona"
  },
  {
    "finish_reason": "length",
    "index": 0,
    "logprobs": null,
    "prompt_logprobs": null,
    "stop_reason": null,
    "text": " biscuits. 24 hours a day.\nThere are two main differences between artificial intelligence and human intelligence:\n\n\n\n\n\n\n1. Artificial intelligence is designed to process information quickly and efficiently, while human intelligence is designed to process information with nuance and context.\n2. Artificial intelligence is not affected by sleep or fatigue, while human intelligence is affected by these factors.\n\nHowever, there are some similarities between the two:\n\n"
  },
  {
    "finish_reason": "length",
    "index": 0,
    "logprobs": null,
    "prompt_logprobs": null,
    "stop_reason": null,
    "text": "\nArtificial intelligence (AI) has experienced significant advancements since its inception in 1950, with numerous milestones shaping its evolution. Here's a brief overview of the key milestones in the development of AI from 1950 to 2020:\n\n1. **1950s: The Birth of AI**\n   - 1950: Alan Turing proposes the"
  }
]
