[
  {
    "finish_reason": "length",
    "index": 0,
    "logprobs": null,
    "prompt_logprobs": null,
    "stop_reason": null,
    "text": " Let's start. 1. Toy Poodle:プードル. 原産国:ヨーロッパ. 体重:1kg以下. 平均寿命:15〜18歳. 飼いやすい:飼いやすい. アレルギーの原因に:ない. 2. Miniature Schnauzer"
  },
  {
    "finish_reason": "length",
    "index": 0,
    "logprobs": null,
    "prompt_logprobs": null,
    "stop_reason": null,
    "text": "\n= 鳶が早く飛ぶと、幸せになる。 = 鳶が早く泳ぐと、魚をゲットする。 = チップルより早く起きたら、幸運に出会う\nTranslate the following English sentence into Japanese, French, and Swahili: 'I got a new bike for my birthday"
  },
  {
    "finish_reason": "length",
    "index": 0,
    "logprobs": null,
    "prompt_logprobs": null,
    "stop_reason": null,
    "text": " I used the phrase \"like dreams\" for the first time, and thought I would put it in a story for y'all to see. Please let me know what you think.\nAs the city grew darker and the stars began to twinkle, a small robot by the name of OG-101 sat huddled in its workshop. 23 hours a day, 7 days a week OG-101 worked. It's"
  },
  {
    "finish_reason": "length",
    "index": 0,
    "logprobs": null,
    "prompt_logprobs": null,
    "stop_reason": null,
    "text": "\nThe Mona Lisa painting is one of the most iconic paintings in the world, and it has a significant cultural impact. This essay will explain the cultural significance of the Mona Lisa painting and how its perception might vary in Western versus Eastern societies.\nThe Mona Lisa painting was painted by Leonardo da Vinci, a famous Italian artist, around 1503 to 1506. The painting is a portrait of a woman who is looking directly"
  },
  {
    "finish_reason": "length",
    "index": 0,
    "logprobs": null,
    "prompt_logprobs": null,
    "stop_reason": null,
    "text": " I= _____ ,H= _____ ,AI= _____ , E= _____\n人間の知性と人工知能の処理速度における比較は以下になります。\nI= 人間の知性は多様な情報を処理する能力がありますが、一度に処理できる量に限"
  },
  {
    "finish_reason": "length",
    "index": 0,
    "logprobs": null,
    "prompt_logprobs": null,
    "stop_reason": null,
    "text": "ἄ=annos , τή=τεχνή=teknḗ =技術 , νό=βια=vía =技術 . βασιλεύω=βασιλεύω=βασιλεύω =統治 . τῆς=τῆς=τῆς =その .\n1950年代 : 人間の知"
  }
]
