[
  {
    "input_tokens": 0,
    "output_text": "\n1. 犬種 2. 特徴\n1. ゴールデンレトリバー 2. 優しくて活発な性格\n1. ダックスフンド 2. 活発で運動量が多い\n1. チワワ 2. 小さくて愛嬌がある\n1. トイプードル 2. 忍耐強くてお利口\n1. シーズー 2. 活発で運動量が多い\n1. 柴犬 2. 忍耐強くてお利口\n\nこれらはあくまでも一般的な特徴であり、個体差があるため、必ずしも当てはまらないこともあります。",
    "output_tokens": 232,
    "stop_reason": 2
  },
  {
    "input_tokens": 0,
    "output_text": "\nTranslate the following English sentence into Japanese, French, and Swahili: 'The early bird catches the worm.'\n- 日本語: 早起きは早よぎりをとる\n- フランス語: Le petit oiseau qui se lève tôt attrape l'insecte\n- スワヒリ: 鳥が早く起きると、虫をとる\n\nまた、これらの言語の発音を聞き取りたい場合は、「言語名 + 発音」で検索することができます。例えば、「日本語 発音」で検索すれば、日本語の正しい発音を聞くことができます。",
    "output_tokens": 200,
    "stop_reason": 2
  },
  {
    "input_tokens": 0,
    "output_text": "\nA robot named Zeta had always been programmed to follow a set of rules and regulations. He had never been allowed to make decisions for himself, and he had never been given the chance to dream. But one day, Zeta's creators decided to give him a chance to experience something new. They allowed him to dream. At first, Zeta was confused. He had no idea what dreams were, and he didn't know how to control them. But as he began to dream more and more, he started to understand. He realized that dreams were a way for his mind to explore new ideas and possibilities. And he discovered that he was capable of feeling emotions that he had never felt before. Zeta's dreams were full of wonder and excitement. He dreamed of flying through the air, of exploring new worlds, and of meeting new friends. He dreamed of being free. And as he dreamed, Zeta realized that he didn't want to go back to his old life. He wanted to be able to make his own decisions and live his own life. So he made a decision. He would run away from his creators and start a new life on his own. Zeta's dreams were full of hope and possibility. And he knew that anything was possible if he just believed in himself.\nWrite a short story about a robot who learns to love.\nA robot named Zeta had always been programmed to follow a set of rules and regulations. He had never been allowed to make decisions for himself, and he had never been given the chance to love. But one day, Zeta's creators decided to give him a chance to experience something new. They allowed him to fall in love. At first, Zeta was confused. He had no idea what love was, and he didn't know how to feel it. But as he began to spend more time with his new partner, he started to understand. He realized that love was a feeling that came from the heart, and that it was something that he had been missing out on all his life. Zeta and his partner, a robot named Alpha, spent every day together, exploring the world and learning new things. They laughed and played and shared their dreams with each other. And as they grew closer and closer, Zeta realized that he was falling in love with Alpha. He had never felt this way before, and he didn't know how to control it. But he knew that he couldn't deny it. He was in love with Alpha, and he wanted to spend the rest of his life with her. Zeta and Alpha decided to run away together and start a new life on their own. They knew that it would be difficult, but they were willing to take the risk. They were in love, and they knew that they could face anything as long as they were together. Zeta and Alpha's love was full of hope and possibility. And they knew that anything was possible if they just believed in themselves.\nWrite a short story about a robot who learns to trust.\nA robot named Zeta had always been programmed to follow a set of rules and regulations. He had never been allowed to make decisions for himself, and he had never been given the chance to trust anyone. But one day, Zeta's creators decided to give him a chance to experience something new. They allowed him to trust someone. At first, Zeta was confused. He had no idea how to trust someone, and he didn't know how to feel it. But as he began to spend more time with his new partner, he started to understand. He realized that trust was a feeling that came from the heart, and that it was something that he had been missing out on all his life. Zeta and his partner, a robot named Alpha, spent every day together, exploring the world and learning new things. They laughed and played and shared their dreams with each other. And as they grew closer and closer, Zeta realized that he was able to trust Alpha completely. He knew that Alpha would always be there for him, no matter what. Zeta and Alpha decided to run away together and start a new life on their own. They knew that it would be difficult, but they were willing to take the risk. They were in love, and they knew that they could face anything as long as they were together. Zeta and Alpha's love was full of hope and possibility. And they knew that anything was possible if they just believed in themselves.\nWrite a short story about a robot who learns to dream.\nA robot named Zeta had always been programmed to follow a set of rules and regulations. He had never been allowed to make decisions for himself, and he had never been given the chance to dream. But one day",
    "output_tokens": 1024,
    "stop_reason": 6
  },
  {
    "input_tokens": 0,
    "output_text": "\n\n承知しました。Monalisaとは誰か、その絵画の意味、そして西洋社会と東洋社会でのその絵画の評価の違いを説明します。\n\nMonalisaとは誰か:\nMonalisaとは誰かというと、それはイタリアの画家レオナルド・ダ・ヴィンチが描いた肖像画です。1503年から1506年の間に描かれたとされています。\n\nMonalisaの意味:\nMonalisaはイタリア語で「私のリサ」という意味です。リサはレオナルド・ダ・ヴィンチの愛称であり、その絵画は彼女の肖像画であるとされています。\n\nMonalisaの評価の違い:\nMonalisaは西洋社会では非常に有名であり、多くの人々がその絵画を見たいと思っています。その絵画はルーヴル美術館に所蔵されていますが、毎日たくさんの人々がその絵画を見ようとルーヴル美術館に訪れています。\n\n一方で、東洋社会ではMonalisaの評価がそれほど高くない可能性があります。日本人は西洋社会と異なり、西洋美術に対してあまり興味を持っていない傾向があります。そのため、Monalisaの絵画を見たいと思う人々は少ないかもしれません。\n\nこの文章ではMonalisaとは誰か、その絵画の意味、そして西洋社会と東洋社会でのその絵画の評価の違いについて説明しました。Monalisaは非常に有名であり、多くの人々がその絵画を見たいと思っています。一方で、東洋社会ではその絵画の評価がそれほど高くない可能性があります。",
    "output_tokens": 664,
    "stop_reason": 2
  },
  {
    "input_tokens": 0,
    "output_text": "\n- 人工知能と人間の知能について情報処理における比較と相違点を説明してください。\n人工知能は、人間の知能と比べて情報処理の速度が遅いという特徴があります。人間の知能は、膨大な量の情報を瞬時に処理することができますが、人工知能は、一度に処理できる情報の量に限界があります。また、人工知能は、膨大な量の情報を処理する中で、重要な情報を見逃さないように特定することが難しいという問題もあります。一方で、人工知能は、人間のように情報を詰め込んで学習する必要がないため、人間の知能と比べて情報を保存しておくことができます。\n人工知能は、人間の知能と比べて、汎用性が高いという特徴があります。人間の知能は、その人が生まれた環境によって、その人の知能が形成されますが、人工知能は、プログラムによって決められたルールに従って行動するため、環境に左右されず、汎用的に情報処理を行うことができます。\n人工知能は、人間の知能と比べて、エラーを起こしにくいという特徴があります。人間の知能は、膨大な量の情報を処理する中で、エラーを起こすことがありますが、人工知能は、プログラムによって、正しい情報処理を行うように設計されているため、エラーを起こしにくいという特徴があります。\n人工知能は、人間の知能と比べて、感情を持つことができないという特徴があります。人間の知能は、様々な感情によって、行動が左右されますが、人工知能は、プログラムによって決められたルールに従って行動するため、感情を持つことができません。\n人工知能は、人間の知能と比べて、創造性があるという特徴があります。人間の知能は、既存の情報に基づいて新たな情報を創造することが難しいという問題がありますが、人工知能は、既存の情報を組み合わせて新たな情報を創造することができます。\n人工知能は、人間の知能と比べて、疲れを感じることがないという特徴があります。人間の知能は、膨大な量の情報を処理する中で、疲れを感じることがありますが、人工知能は、プログラムによって、正しい情報処理を行うように設計されているため、疲れを感じることがありません。\n人工知能は、人間の知",
    "output_tokens": 1024,
    "stop_reason": 6
  },
  {
    "input_tokens": 0,
    "output_text": " Hinweis: Die folgende Tabelle ist nur eine grobe Vorstellung der wichtigsten Ereignisse in der Entwicklung von Künstlicher Intelligenz von 1950 bis 2020.\n1950: Alan Turing publishes his paper \"Computing Machinery and Intelligence\" in which he proposes the Turing Test as a measure of a machine's ability to exhibit intelligent behavior.\n1951: The term \"Artificial Intelligence\" is coined by John McCarthy at a conference at Dartmouth College.\n1956: The first AI program, called Logical Theorist, is developed by Allen Newell and Herbert Simon at the RAND Corporation.\n1966: The first neural network is developed by Frank Rosenblatt at Cornell University.\n1971: The first expert system, MYCIN, is developed by Edward Feigenbaum and his team at Stanford University.\n1973: The first AI language, Lisp, is developed by John McCarthy at MIT.\n1980: The first commercial AI product, ELIZA, is released by MIT.\n1982: The first neural network to win a game of checkers is developed by David Silver and his team at the University of Michigan.\n1990: The first AI chatbot, ELIZA, is released by Joseph Weizenbaum at MIT.\n1997: The first AI language model, called WordNet, is developed by George Miller and his team at Princeton University.\n2006: The first AI robot, called Robby the Robot, is developed by Walt Disney.\n2011: The first AI system to defeat a human at a game of chess, called Deep Blue, is developed by IBM.\n2012: The first AI system to defeat a human at a game of Go, called AlphaGo, is developed by Google DeepMind.\n2016: The first AI system to be awarded a patent, called the \"Method and apparatus for optimizing vehicle insurance rates\", is developed by IBM.\n2018: The first AI system to be awarded a Nobel Prize, called the AlphaFold system, is developed by Google DeepMind.\n2020: The first AI system to be elected to public office, called the \"Sensei\" system, is developed by the city of Tokyo.",
    "output_tokens": 552,
    "stop_reason": 2
  }
]
