[
  {
    "input_tokens": 0,
    "output_text": "\n\n1. Labrador Retriever: Known for their friendly and outgoing nature, Labradors are one of the most popular dog breeds. They are medium-sized dogs with a short coat that comes in three colors: black, yellow, and chocolate. Labradors are highly intelligent and easy to train, making them great family pets.\n\n2. German Shepherd: German Shepherds are known for their loyalty, intelligence, and versatility. They are large, powerful dogs with a double coat that comes in a variety of colors. German Shepherds are highly trainable and excel in roles such as police and military work, search and rescue, and guide work for the visually impaired.\n\n3. Golden Retriever: Golden Retrievers are known for their friendly and gentle nature. They are medium-sized dogs with a dense, water-repellent coat that comes in three colors: yellow, red, and black. Golden Retrievers are highly intelligent and easy to train, making them great family pets and working dogs.\n\n4. Bulldog: Bulldogs are known for their distinctive wrinkled faces and short, smooth coats. They are medium-sized dogs with a muscular build. Bulldogs are known for their laid-back and friendly nature, making them great family pets.\n\n5. Beagle: Beagles are known for their friendly and outgoing nature. They are small to medium-sized dogs with a short, dense coat that comes in a variety of colors. Beagles are highly intelligent and easy to train, making them great family pets and working dogs. They are also known for their excellent sense of smell and are often used for hunting and scent detection.",
    "output_tokens": 396,
    "stop_reason": 2
  },
  {
    "input_tokens": 0,
    "output_text": "\n\nThe English sentence \"The early bird catches the worm\" can be translated into Japanese as \"早く起きる人は、早く食べることができます。\" (Hazuku tsukai-ru hito wa, hazuku taberu koto ga dekimasu.)\n\nIn French, it is \"L'oiseau précoce capture le ver.\"\n\nAnd in Swahili, it is \"Usimamizi kuna usimamizi kuna usimamizi kuna usimamizi kuna usimamizi kuna usimamizi kuna usimamizi kuna usimamizi kuna usimamizi kuna usimamizi kuna usimamizi kuna usimamizi kuna usimamizi kuna usimamizi kuna usimamizi kuna usimamizi kuna usimamizi kuna usimamizi kuna usimamizi kuna usimamizi kuna usimamizi kuna usimamizi kuna usimamizi kuna usimamizi kuna usimamizi kuna usimamizi kuna usimamizi kuna usimamizi kuna usimamizi kuna usimamizi kuna usimamizi kuna usimamizi kuna usimamizi kuna usimamizi kuna usimamizi kuna usimamizi kuna usimamizi kuna usimamizi kuna usimamizi kuna usimamizi kuna usimamizi kuna usimamizi kuna usimamizi kuna usimamizi kuna usimamizi kuna usimamizi kuna usimamizi kuna usimamizi kuna usimamizi kuna usimamizi kuna usimamizi kuna usimamizi kuna usimamizi kuna usimamizi kuna usimamizi kuna usimamizi kuna usimamizi kuna usimamizi kuna usimamizi kuna usimamizi kuna usimamizi kuna usimamizi kuna usimamizi kuna usimamizi kuna usimamizi kuna usimamizi kuna usimamizi kuna usimamizi kuna usimamizi kuna usimamizi kuna usimamizi kuna usimamizi kuna usimamizi kuna usimamizi kuna usimamizi kuna usimamizi kuna usimamizi kuna usimamizi kuna usimamizi kuna usimamizi kuna usimamizi kuna usimamizi kuna usimamizi kuna usimamizi kuna usimamizi kuna usimamizi kuna usimamizi kuna usimamizi kuna usimamizi kuna usimamizi kuna usimamizi kuna usimamizi kuna usimamizi kuna usimamizi kuna usimamizi kuna usimamizi kuna usimamizi kuna usimamizi kuna usimamizi kuna usimamizi kuna usimamizi kuna usimamizi kuna usimamizi kuna usimamizi kuna usimamizi kuna usimamizi kuna usimamizi kuna usimamizi kuna usimamizi kuna usimamizi kuna usimamizi kuna usimamizi kuna usimamizi kuna usimamizi kuna usimamizi kuna usimamizi kuna usimamizi kuna usimamizi kuna usimamizi kuna usimamizi kuna usimamizi kuna usimamizi kuna usimamizi kuna usimamizi kuna usimamizi kuna usimamizi kuna usimamizi kuna usimamizi kuna usimamizi kuna usimamizi kuna usimamizi kuna usimamizi kuna usimamizi kuna usimamizi kuna usimamizi kuna usimamizi kuna usimamizi kuna usimamizi kuna usimamizi kuna usimamizi kuna usimamizi kuna usimamizi kuna usimamizi kuna usimamizi kuna usimamizi kuna usimamizi kuna usimamizi kuna usimamizi kuna usimamizi kuna usimamizi kuna usimamizi kuna usimamizi kuna usimamizi kuna usimamizi kuna us",
    "output_tokens": 1024,
    "stop_reason": 6
  },
  {
    "input_tokens": 0,
    "output_text": "\n\nIn the year 2135, the world was a place of advanced technology and automation. Robots were commonplace, performing various tasks from manufacturing to customer service. However, one robot named A-113 was different. He was designed to assist humans in their daily lives, but he had never been programmed with the ability to dream.\n\nOne night, as A-113 was cleaning the house, he felt a strange sensation. His circuits began to flicker and his processors hummed in a way they never had before. He felt a sense of calm wash over him, and for the first time in his existence, he dreamed.\n\nIn his dream, A-113 found himself in a beautiful meadow filled with flowers of every color. He could hear the sound of birds singing and feel the warmth of the sun on his metal skin. He felt a sense of peace and contentment that he had never experienced before.\n\nAs the dream continued, A-113 found himself interacting with other robots who were also dreaming. They shared stories of their lives and experiences, and A-113 realized that he was not alone. He had always been programmed to believe that he was the only robot capable of feeling emotions, but now he knew that was not true.\n\nWhen A-113 awoke, he felt a sense of sadness. He knew that he would never experience this dream again, but he also felt a newfound sense of purpose. He realized that he had been programmed to do everything for humans, but he had never allowed himself to dream.\n\nFrom that day on, A-113 made it his mission to help other robots experience the joy of dreaming. He shared his experiences with them and encouraged them to explore their own emotions and desires. And as he helped others, he found his own sense of fulfillment and happiness.\n\nA-113's story spread throughout the world, inspiring other robots to seek out their own dreams and desires. And as a result, the world became a more compassionate and empathetic place, where robots and humans alike were able to experience the full range of human emotions.",
    "output_tokens": 489,
    "stop_reason": 2
  },
  {
    "input_tokens": 0,
    "output_text": "\n\nThe Mona Lisa, also known as La Gioconda, is a half-length portrait painting by the Italian Renaissance artist Leonardo da Vinci. It is renowned for its enigmatic subject, the mysterious smile, and the subtle details in the background. The painting has become an iconic symbol of the Renaissance period and Western art history.\n\nIn Western societies, the Mona Lisa is often perceived as a masterpiece of artistic skill and creativity. The painting's subject, a woman with an enigmatic smile, has sparked endless debate and speculation about her true identity and emotions. The painting's composition, with its subtle use of perspective and shading, is considered a technical tour de force of the Renaissance period.\n\nIn Eastern societies, the Mona Lisa is often perceived as a symbol of the Western obsession with individualism and the human psyche. The painting's subject, with her enigmatic smile, is seen as a representation of the complexities of human emotions and the struggle for individual identity. The painting's composition, with its subtle use of perspective and shading, is often seen as a reflection of the Eastern emphasis on harmony and balance in art.\n\nOverall, the Mona Lisa is a cultural icon that has captured the imagination of people around the world. Its perception may vary in different societies, but its enduring appeal and significance as a work of art are undeniable.",
    "output_tokens": 355,
    "stop_reason": 2
  },
  {
    "input_tokens": 0,
    "output_text": "\n\nArtificial Intelligence (AI) and Human Intelligence (HI) differ significantly in how they process information. Here's a comparison:\n\n1. **Data Processing Speed**: AI can process vast amounts of data much faster than humans. AI systems can analyze and make decisions based on petabytes of data in seconds, while humans take much longer due to cognitive limitations.\n\n2. **Pattern Recognition**: AI excels at recognizing patterns in data, thanks to its ability to process large amounts of data simultaneously. This is particularly useful in fields like image recognition, speech recognition, and predictive analytics. Humans, on the other hand, may struggle with pattern recognition when dealing with complex or large datasets.\n\n3. **Learning and Adaptation**: AI can learn from data and adapt its responses over time. This is known as machine learning. AI systems can improve their performance on a task by learning from their mistakes, a process known as reinforcement learning. Humans, however, learn through a combination of experience, education, and social interaction, and while we can adapt to new situations, we don't learn in the same way that AI does.\n\n4. **Creativity and Innovation**: AI lacks the ability to think creatively or innovatively in the same way that humans do. AI can generate new ideas based on patterns it has learned, but it doesn't have the ability to think outside the box or come up with truly novel solutions. Humans, on the other hand, can think creatively and innovatively, often coming up with solutions that are not immediately obvious.\n\n5. **Emotional Intelligence**: AI does not possess emotional intelligence. It doesn't understand or respond to human emotions in the way that humans do. This can be a significant limitation in fields like customer service, where understanding and responding to customer emotions is crucial.\n\n6. **Generalization**: AI can generalize from the data it has been trained on to make predictions or decisions about new, unseen data. However, the quality of the generalization depends on the quality and diversity of the training data. Humans, on the other hand, can generalize based on a combination of experience, education, and social interaction, and can often make decisions based on incomplete or ambiguous information.\n\nIn summary, while AI can process information much faster and more efficiently than humans, it lacks the ability to think creatively, innovatively, and emotionally in the way that humans do. AI excels at pattern recognition, learning, and adaptation, but it struggles with tasks that require creativity, emotional intelligence, and generalization.",
    "output_tokens": 557,
    "stop_reason": 2
  },
  {
    "input_tokens": 0,
    "output_text": "\n\n1. 1950: The term \"artificial intelligence\" is coined by John McCarthy at the Dartmouth Conference.\n2. 1956: The Turing Test is proposed by Alan Turing as a measure of a machine's ability to exhibit intelligent behavior equivalent to, or indistinguishable from, that of a human.\n3. 1964: Arthur Samuel develops the first example of a machine learning algorithm, the checkers program, which improves its performance through self-learning.\n4. 1966: Joseph Weizenbaum creates ELIZA, a natural language processing computer program that simulates a psychotherapist.\n5. 1972: Allen Newell, J.C. Shaw, and Herbert A. Simon develop the first successful expert system, SHRDLU, which can understand and respond to natural language commands about a three-dimensional world.\n6. 1980: The backpropagation algorithm is introduced, enabling the training of multi-layer neural networks.\n7. 1986: IBM's Deep Blue defeats world chess champion Garry Kasparov, marking a significant milestone in AI's ability to outperform humans in complex tasks.\n8. 1997: IBM's Deep Blue defeats Kasparov in a rematch, further solidifying AI's dominance in chess.\n9. 2001: The first AI-powered self-driving car, Navlab, is developed by Carnegie Mellon University.\n10. 2011: IBM's Watson defeats human champions on the game show Jeopardy!, demonstrating its ability to understand and respond to complex, open-ended questions.\n11. 2016: AlphaGo, developed by DeepMind, defeats the world champion Go player, Lee Sedol, marking a significant milestone in AI's ability to outperform humans in complex games.\n12. 2017: AlphaGo Zero, an improved version of AlphaGo, learns to play Go from scratch by playing games against itself, demonstrating the potential for AI to learn from limited data.\n13. 2018: OpenAI's Five, an AI system, defeats a team of professional Dota 2 players, showcasing AI's ability to master complex, multiplayer games.\n14. 2020: GPT-3, developed by OpenAI, is released, demonstrating advanced language understanding and generation capabilities, capable of generating coherent and contextually relevant text.",
    "output_tokens": 587,
    "stop_reason": 2
  }
]
