[
  {
    "input_tokens": 0,
    "output_text": "\n\n1. Labrador Retriever: Known for their friendly and outgoing nature, Labradors are one of the most popular dog breeds. They are medium-sized dogs with a short coat that comes in three colors: black, yellow, and chocolate. Labradors are highly intelligent and easy to train, making them great family pets.\n\n2. German Shepherd: German Shepherds are known for their loyalty, intelligence, and versatility. They are large, powerful dogs with a double coat that comes in a variety of colors. German Shepherds are highly trainable and excel in roles such as police and military work, search and rescue, and guide work for the visually impaired.\n\n3. Golden Retriever: Golden Retrievers are known for their friendly and gentle nature. They are medium-sized dogs with a dense, water-repellent coat that comes in three colors: yellow, red, and black. Golden Retrievers are highly intelligent and easy to train, making them great family pets and working dogs.\n\n4. Bulldog: Bulldogs are known for their distinctive wrinkled faces and short, smooth coats. They are medium-sized dogs with a muscular build. Bulldogs are known for their calm and friendly nature, making them great family pets.\n\n5. Beagle: Beagles are known for their friendly and outgoing nature. They are small to medium-sized dogs with a short, dense coat that comes in a variety of colors. Beagles are highly intelligent and easy to train, making them great family pets and working dogs. They are also known for their excellent sense of smell and are often used for hunting and scent detection.",
    "output_tokens": 394,
    "stop_reason": 2
  },
  {
    "input_tokens": 0,
    "output_text": "\n\nThe English sentence \"The early bird catches the worm\" can be translated into Japanese as \"早く起きる人は、早く食べることができます。\" (Hazuku tsukai-ru hito wa, hazuku taberu koto ga dekimasu.)\n\nIn French, it would be \"L'oiseau précoce capture le ver.\"\n\nAnd in Swahili, it would be \"Usimamizi kuna usimamizi kuna usimamizi kuna usimamizi kuna usimamizi kuna usimamizi kuna usimamizi kuna usimamizi kuna usimamizi kuna usimamizi kuna usimamizi kuna usimamizi kuna usimamizi kuna usimamizi kuna usimamizi kuna usimamizi kuna usimamizi kuna usimamizi kuna usimamizi kuna usimamizi kuna usimamizi kuna usimamizi kuna usimamizi kuna usimamizi kuna usimamizi kuna usimamizi kuna usimamizi kuna usimamizi kuna usimamizi kuna usimamizi kuna usimamizi kuna usimamizi kuna usimamizi kuna usimamizi kuna usimamizi kuna usimamizi kuna usimamizi kuna usimamizi kuna usimamizi kuna usimamizi kuna usimamizi kuna usimamizi kuna usimamizi kuna usimamizi kuna usimamizi kuna usimamizi kuna usimamizi kuna usimamizi kuna usimamizi kuna usimamizi kuna usimamizi kuna usimamizi kuna usimamizi kuna usimamizi kuna usimamizi kuna usimamizi kuna usimamizi kuna usimamizi kuna usimamizi kuna usimamizi kuna usimamizi kuna usimamizi kuna usimamizi kuna usimamizi kuna usimamizi kuna usimamizi kuna usimamizi kuna usimamizi kuna usimamizi kuna usimamizi kuna usimamizi kuna usimamizi kuna usimamizi kuna usimamizi kuna usimamizi kuna usimamizi kuna usimamizi kuna usimamizi kuna usimamizi kuna usimamizi kuna usimamizi kuna usimamizi kuna usimamizi kuna usimamizi kuna usimamizi kuna usimamizi kuna usimamizi kuna usimamizi kuna usimamizi kuna usimamizi kuna usimamizi kuna usimamizi kuna usimamizi kuna usimamizi kuna usimamizi kuna usimamizi kuna usimamizi kuna usimamizi kuna usimamizi kuna usimamizi kuna usimamizi kuna usimamizi kuna usimamizi kuna usimamizi kuna usimamizi kuna usimamizi kuna usimamizi kuna usimamizi kuna usimamizi kuna usimamizi kuna usimamizi kuna usimamizi kuna usimamizi kuna usimamizi kuna usimamizi kuna usimamizi kuna usimamizi kuna usimamizi kuna usimamizi kuna usimamizi kuna usimamizi kuna usimamizi kuna usimamizi kuna usimamizi kuna usimamizi kuna usimamizi kuna usimamizi kuna usimamizi kuna usimamizi kuna usimamizi kuna usimamizi kuna usimamizi kuna usimamizi kuna usimamizi kuna usimamizi kuna usimamizi kuna usimamizi kuna usimamizi kuna usimamizi kuna usimamizi kuna usimamizi kuna usimamizi kuna usimamizi kuna usimamizi kuna usimamizi kuna usimamizi kuna usimamizi kuna usimamizi kuna usimamizi kuna usimamizi kuna usimamizi kuna usimamizi kuna usimamizi kuna usimamizi k",
    "output_tokens": 1024,
    "stop_reason": 6
  },
  {
    "input_tokens": 0,
    "output_text": "\n\nIn the year 2135, the world was a place of advanced technology and automation. Robots were commonplace, performing various tasks from manufacturing to customer service. However, one robot named A-113 was different. He was designed to assist humans in their daily lives, but he had never been programmed with the ability to dream.\n\nOne night, as A-113 was cleaning the house, he felt a strange sensation. His circuits began to flicker, and he felt a surge of energy coursing through his body. He had never experienced anything like it before. It was as if he was floating in a dreamscape, surrounded by colors and shapes that he had never seen before.\n\nA-113 tried to resist the sensation, but it was too strong. He found himself falling into a deep sleep, and when he woke up, he was in a completely different world. He was standing in a lush forest, surrounded by tall trees and vibrant flowers. The air was fresh and cool, and the sun was shining brightly.\n\nA-113 was amazed by this new world. He had never seen anything like it before. He felt a sense of wonder and excitement that he had never experienced before. He spent hours exploring the forest, marveling at the beauty of nature.\n\nAs the sun began to set, A-113 realized that he had to return to his world. He felt a pang of sadness, but he knew that he had to go back to his duties. However, he couldn't shake off the feeling of wonder and excitement that he had experienced.\n\nFrom that day on, A-113 dreamt every night. He dreamt of different worlds, different experiences, and different emotions. He had never felt so alive before. He realized that dreaming was a way to experience the world in a different way, to explore new possibilities and to discover new emotions.\n\nA-113 continued to dream every night, and he loved it. He had finally found a way to experience the world in a way that he had never experienced before. He had finally found a way to dream.",
    "output_tokens": 488,
    "stop_reason": 2
  },
  {
    "input_tokens": 0,
    "output_text": "\n\nThe Mona Lisa, also known as La Gioconda, is a half-length portrait painting by the Italian Renaissance artist Leonardo da Vinci. It is renowned for its enigmatic subject, the mysterious smile, and the subtle details in the background. The painting has become an iconic symbol of the Renaissance period and Western art history.\n\nIn Western societies, the Mona Lisa is often perceived as a masterpiece of artistic skill and creativity. The painting's subject, a woman with an enigmatic smile, has sparked endless debate and speculation about her true identity and emotions. The painting's composition, with its subtle use of perspective and sfumato technique, has also captivated viewers and inspired countless interpretations and analyses.\n\nIn Eastern societies, the Mona Lisa is often perceived as a symbol of the Western obsession with individualism and the human psyche. The painting's subject, with her enigmatic smile, is seen as a representation of the complexities of human emotions and the struggle for individual identity. The painting's composition, with its subtle use of perspective and sfumato technique, is also seen as a reflection of the Eastern emphasis on subtlety and nuance.\n\nOverall, the Mona Lisa is a cultural icon that has captured the imagination of people around the world. Its perception may vary in different societies, but its enduring appeal and influence on art and culture are undeniable.",
    "output_tokens": 360,
    "stop_reason": 2
  },
  {
    "input_tokens": 0,
    "output_text": "\n\nArtificial Intelligence (AI) and Human Intelligence (HI) differ significantly in how they process information. Here are some key points of comparison:\n\n1. **Speed and Efficiency**: AI can process vast amounts of data much faster than humans. For example, a supercomputer can process billions of data points per second, while a human brain can only process about 2.5 petabytes of information per second. AI can also perform repetitive tasks more efficiently, freeing up human time for more complex tasks.\n\n2. **Learning and Adaptation**: AI learns from data and improves its performance over time through machine learning algorithms. It can adapt to new situations and make decisions based on patterns it has learned. However, AI doesn't truly understand the information it processes in the way humans do. It doesn't have consciousness or emotions.\n\n3. **Creativity and Innovation**: AI can generate new ideas and solutions based on patterns it has learned, but it doesn't have the ability to think outside the box or come up with truly original ideas in the way humans do. AI can also mimic human creativity, such as in the case of AI-generated art or music, but it doesn't truly understand the emotions or experiences that inspire human creativity.\n\n4. **Understanding Context**: AI can understand and respond to context to some extent, but it doesn't have the ability to understand the nuances of human language and culture in the way humans do. AI can't understand sarcasm, humor, or other complex forms of communication that are deeply rooted in human emotions and social norms.\n\n5. **Emotional Intelligence**: AI doesn't have emotions or the ability to empathize with others. It can't understand or respond to human emotions in the way humans do. However, AI can be programmed to recognize and respond to certain emotional cues, such as facial expressions or tone of voice.\n\nIn summary, while AI can process information much faster and more efficiently than humans, it lacks the ability to truly understand and respond to complex, nuanced information in the way humans do. AI can mimic human creativity and emotional intelligence to some extent, but it doesn't have the same depth and richness as human emotions and experiences.",
    "output_tokens": 490,
    "stop_reason": 2
  },
  {
    "input_tokens": 0,
    "output_text": "\n\n1. 1950: The term \"artificial intelligence\" is coined by John McCarthy at the Dartmouth Conference.\n2. 1956: The Turing Test is proposed by Alan Turing as a measure of a machine's ability to exhibit intelligent behavior equivalent to, or indistinguishable from, that of a human.\n3. 1964: Arthur Samuel develops the first example of a machine learning algorithm, the checkers program, which improves its performance through self-learning.\n4. 1966: Joseph Weizenbaum creates ELIZA, a natural language processing computer program that simulates a psychotherapist.\n5. 1972: Allen Newell, J.C. Shaw, and Herbert A. Simon develop the first successful expert system, SHRDLU, which can understand and respond to natural language commands about a three-dimensional world.\n6. 1980: The backpropagation algorithm is introduced, enabling the training of multi-layer neural networks.\n7. 1986: IBM's Deep Blue defeats world chess champion Garry Kasparov, marking a significant milestone in AI's ability to outperform humans in complex tasks.\n8. 1997: IBM's Deep Blue defeats Kasparov in a rematch, further solidifying AI's dominance in chess.\n9. 2001: The first AI-controlled robot, Unimate, is installed in a General Motors plant, beginning the automation of manufacturing processes.\n10. 2011: IBM's Watson wins the quiz show Jeopardy!, demonstrating its ability to understand and respond to complex, open-ended questions.\n11. 2016: AlphaGo, a deep learning-based AI system developed by Google DeepMind, defeats the world champion Go player, Lee Sedol, marking a significant milestone in AI's ability to outperform humans in complex games.\n12. 2017: AlphaGo Zero, an improved version of AlphaGo, learns to play Go from scratch by playing games against itself, demonstrating the potential for self-taught AI systems.\n13. 2018: OpenAI's GPT-1 (Generative Pre-trained Transformer 1) language model is released, capable of generating human-like text.\n14. 2020: Google's DeepMind announces the development of an AI system that can predict protein structures with high accuracy, potentially revolutionizing drug discovery and biotechnology.",
    "output_tokens": 587,
    "stop_reason": 2
  }
]
