[
  {
    "finish_reason": "length",
    "index": 0,
    "logprobs": null,
    "prompt_logprobs": null,
    "stop_reason": null,
    "text": "\n\n1. Labrador Retriever - Labrador Retrievers are known for their friendly, outgoing, and intelligent personalities. They are also great swimmers and love water.\n\n2. German Shepherd - German Shepherds are highly intelligent, loyal, and courageous. They are versatile working dogs, excelling in roles such as police and military work, search and rescue, and guiding for the visually imp"
  },
  {
    "finish_reason": "length",
    "index": 0,
    "logprobs": null,
    "prompt_logprobs": null,
    "stop_reason": null,
    "text": "\n\n1. Japanese: ыеは鳥に夏日に鳴りなさい。 (The early bird chirps at the break of the day.)\n2. French: Le oiseau avant le soleil cueillera le ver. (The early bird catches the worm.)\n3. Swahili: Usipende mbwa kubwa usioaonekana na mba vya tatu. (The"
  },
  {
    "finish_reason": "length",
    "index": 0,
    "logprobs": null,
    "prompt_logprobs": null,
    "stop_reason": null,
    "text": "\n\nOnce upon a time, in a world far from ours, there lived a robot named C-315. C-315 was not like the other robots; he was built to perform specific tasks but had no inherent desires or emotions. His days were filled with routine tasks and programming updates.\n\nOne day, C-315 received an update that changed everything. It was an experimental software that could simulate human dreaming. Ske"
  },
  {
    "finish_reason": "length",
    "index": 0,
    "logprobs": null,
    "prompt_logprobs": null,
    "stop_reason": null,
    "text": "\n\nThe Mona Lisa, also known as La Gioconda, is an oil painting created by the Italian Renaissance artist Leonardo da Vinci around 1503-1506. It is one of the most famous and recognizable works in the world, with an enduring allure that has captivated millions of viewers since its completion. The painting is renowned for its subtle details, amb"
  },
  {
    "finish_reason": "length",
    "index": 0,
    "logprobs": null,
    "prompt_logprobs": null,
    "stop_reason": null,
    "text": "\n\nComparison:\n\n1. Speed: Artificial Intelligence (AI) can process and analyze large amounts of data at a much faster rate than humans. For example, AI can quickly scan through millions of images to identify a specific object, while a human might take significantly longer to do the same task.\n\n2. Accuracy: While AI is excellent at processing and analyzing large volumes of data, its accuracy is often limited by the quality of the data it is given. Humans"
  },
  {
    "finish_reason": "length",
    "index": 0,
    "logprobs": null,
    "prompt_logprobs": null,
    "stop_reason": null,
    "text": "\n\n1. The Dartmouth Conference (1956): This marked the official start of AI research, with a group of researchers gathering to discuss the possibilities and challenges of creating machines that could mimic human intelligence.\n\n2. ELIZA (1964-1966): Developed by Joseph Weizenbaum, ELIZA was one of the first AI programs to simulate a conversation. It used pattern matching to respond to"
  }
]
